Archive member included to satisfy reference by file (symbol)

c:/software/eclipse-cpp-neon-3-win32-x86_64/eclipse/plugins/fr.ac6.mcu.externaltools.arm-none.win32_1.13.3.201707031232/tools/compiler/bin/../lib/gcc/arm-none-eabi/5.4.1/../../../../arm-none-eabi/lib/armv7e-m/fpu\libc_nano.a(lib_a-exit.o)
                              c:/software/eclipse-cpp-neon-3-win32-x86_64/eclipse/plugins/fr.ac6.mcu.externaltools.arm-none.win32_1.13.3.201707031232/tools/compiler/bin/../lib/gcc/arm-none-eabi/5.4.1/../../../../arm-none-eabi/lib/armv7e-m/fpu/crt0.o (exit)
c:/software/eclipse-cpp-neon-3-win32-x86_64/eclipse/plugins/fr.ac6.mcu.externaltools.arm-none.win32_1.13.3.201707031232/tools/compiler/bin/../lib/gcc/arm-none-eabi/5.4.1/../../../../arm-none-eabi/lib/armv7e-m/fpu\libc_nano.a(lib_a-impure.o)
                              c:/software/eclipse-cpp-neon-3-win32-x86_64/eclipse/plugins/fr.ac6.mcu.externaltools.arm-none.win32_1.13.3.201707031232/tools/compiler/bin/../lib/gcc/arm-none-eabi/5.4.1/../../../../arm-none-eabi/lib/armv7e-m/fpu\libc_nano.a(lib_a-exit.o) (_global_impure_ptr)
c:/software/eclipse-cpp-neon-3-win32-x86_64/eclipse/plugins/fr.ac6.mcu.externaltools.arm-none.win32_1.13.3.201707031232/tools/compiler/bin/../lib/gcc/arm-none-eabi/5.4.1/../../../../arm-none-eabi/lib/armv7e-m/fpu\libc_nano.a(lib_a-init.o)
                              c:/software/eclipse-cpp-neon-3-win32-x86_64/eclipse/plugins/fr.ac6.mcu.externaltools.arm-none.win32_1.13.3.201707031232/tools/compiler/bin/../lib/gcc/arm-none-eabi/5.4.1/../../../../arm-none-eabi/lib/armv7e-m/fpu/crt0.o (__libc_init_array)
c:/software/eclipse-cpp-neon-3-win32-x86_64/eclipse/plugins/fr.ac6.mcu.externaltools.arm-none.win32_1.13.3.201707031232/tools/compiler/bin/../lib/gcc/arm-none-eabi/5.4.1/../../../../arm-none-eabi/lib/armv7e-m/fpu\libc_nano.a(lib_a-malloc.o)
                              Middlewares/USB_Host_Library/usbh_cdc.o (malloc)
c:/software/eclipse-cpp-neon-3-win32-x86_64/eclipse/plugins/fr.ac6.mcu.externaltools.arm-none.win32_1.13.3.201707031232/tools/compiler/bin/../lib/gcc/arm-none-eabi/5.4.1/../../../../arm-none-eabi/lib/armv7e-m/fpu\libc_nano.a(lib_a-memcpy-stub.o)
                              Middlewares/FreeRTOS/queue.o (memcpy)
c:/software/eclipse-cpp-neon-3-win32-x86_64/eclipse/plugins/fr.ac6.mcu.externaltools.arm-none.win32_1.13.3.201707031232/tools/compiler/bin/../lib/gcc/arm-none-eabi/5.4.1/../../../../arm-none-eabi/lib/armv7e-m/fpu\libc_nano.a(lib_a-memset.o)
                              c:/software/eclipse-cpp-neon-3-win32-x86_64/eclipse/plugins/fr.ac6.mcu.externaltools.arm-none.win32_1.13.3.201707031232/tools/compiler/bin/../lib/gcc/arm-none-eabi/5.4.1/../../../../arm-none-eabi/lib/armv7e-m/fpu/crt0.o (memset)
c:/software/eclipse-cpp-neon-3-win32-x86_64/eclipse/plugins/fr.ac6.mcu.externaltools.arm-none.win32_1.13.3.201707031232/tools/compiler/bin/../lib/gcc/arm-none-eabi/5.4.1/../../../../arm-none-eabi/lib/armv7e-m/fpu\libc_nano.a(lib_a-nano-freer.o)
                              c:/software/eclipse-cpp-neon-3-win32-x86_64/eclipse/plugins/fr.ac6.mcu.externaltools.arm-none.win32_1.13.3.201707031232/tools/compiler/bin/../lib/gcc/arm-none-eabi/5.4.1/../../../../arm-none-eabi/lib/armv7e-m/fpu\libc_nano.a(lib_a-malloc.o) (_free_r)
c:/software/eclipse-cpp-neon-3-win32-x86_64/eclipse/plugins/fr.ac6.mcu.externaltools.arm-none.win32_1.13.3.201707031232/tools/compiler/bin/../lib/gcc/arm-none-eabi/5.4.1/../../../../arm-none-eabi/lib/armv7e-m/fpu\libc_nano.a(lib_a-nano-mallocr.o)
                              c:/software/eclipse-cpp-neon-3-win32-x86_64/eclipse/plugins/fr.ac6.mcu.externaltools.arm-none.win32_1.13.3.201707031232/tools/compiler/bin/../lib/gcc/arm-none-eabi/5.4.1/../../../../arm-none-eabi/lib/armv7e-m/fpu\libc_nano.a(lib_a-malloc.o) (_malloc_r)
c:/software/eclipse-cpp-neon-3-win32-x86_64/eclipse/plugins/fr.ac6.mcu.externaltools.arm-none.win32_1.13.3.201707031232/tools/compiler/bin/../lib/gcc/arm-none-eabi/5.4.1/../../../../arm-none-eabi/lib/armv7e-m/fpu\libc_nano.a(lib_a-sbrkr.o)
                              c:/software/eclipse-cpp-neon-3-win32-x86_64/eclipse/plugins/fr.ac6.mcu.externaltools.arm-none.win32_1.13.3.201707031232/tools/compiler/bin/../lib/gcc/arm-none-eabi/5.4.1/../../../../arm-none-eabi/lib/armv7e-m/fpu\libc_nano.a(lib_a-nano-mallocr.o) (_sbrk_r)
c:/software/eclipse-cpp-neon-3-win32-x86_64/eclipse/plugins/fr.ac6.mcu.externaltools.arm-none.win32_1.13.3.201707031232/tools/compiler/bin/../lib/gcc/arm-none-eabi/5.4.1/../../../../arm-none-eabi/lib/armv7e-m/fpu\libc_nano.a(lib_a-mlock.o)
                              c:/software/eclipse-cpp-neon-3-win32-x86_64/eclipse/plugins/fr.ac6.mcu.externaltools.arm-none.win32_1.13.3.201707031232/tools/compiler/bin/../lib/gcc/arm-none-eabi/5.4.1/../../../../arm-none-eabi/lib/armv7e-m/fpu\libc_nano.a(lib_a-nano-freer.o) (__malloc_lock)
[...]
Memory Configuration

Name             Origin             Length             Attributes
FLASH            0x08000000         0x00100000         xr
RAM              0x20000000         0x00020000         xrw
CCMRAM           0x10000000         0x00010000         rw
*default*        0x00000000         0xffffffff

Linker script and memory map

LOAD c:/software/eclipse-cpp-neon-3-win32-x86_64/eclipse/plugins/fr.ac6.mcu.externaltools.arm-none.win32_1.13.3.201707031232/tools/compiler/bin/../lib/gcc/arm-none-eabi/5.4.1/armv7e-m/fpu/crti.o
LOAD c:/software/eclipse-cpp-neon-3-win32-x86_64/eclipse/plugins/fr.ac6.mcu.externaltools.arm-none.win32_1.13.3.201707031232/tools/compiler/bin/../lib/gcc/arm-none-eabi/5.4.1/armv7e-m/fpu/crtbegin.o
LOAD c:/software/eclipse-cpp-neon-3-win32-x86_64/eclipse/plugins/fr.ac6.mcu.externaltools.arm-none.win32_1.13.3.201707031232/tools/compiler/bin/../lib/gcc/arm-none-eabi/5.4.1/../../../../arm-none-eabi/lib/armv7e-m/fpu/crt0.o
LOAD Application/SW4STM32/startup_stm32f407xx.o
LOAD Drivers/CMSIS/system_stm32f4xx.o
LOAD Drivers/STM32F4xx_HAL_Driver/stm32f4xx_hal.o
LOAD Drivers/STM32F4xx_HAL_Driver/stm32f4xx_hal_cortex.o
LOAD Drivers/STM32F4xx_HAL_Driver/stm32f4xx_hal_crc.o
LOAD Drivers/STM32F4xx_HAL_Driver/stm32f4xx_hal_dma.o
LOAD Drivers/STM32F4xx_HAL_Driver/stm32f4xx_hal_dma_ex.o
LOAD Drivers/STM32F4xx_HAL_Driver/stm32f4xx_hal_flash.o
LOAD Drivers/STM32F4xx_HAL_Driver/stm32f4xx_hal_flash_ex.o
LOAD Drivers/STM32F4xx_HAL_Driver/stm32f4xx_hal_flash_ramfunc.o
LOAD Drivers/STM32F4xx_HAL_Driver/stm32f4xx_hal_gpio.o
LOAD Drivers/STM32F4xx_HAL_Driver/stm32f4xx_hal_hcd.o
LOAD Drivers/STM32F4xx_HAL_Driver/stm32f4xx_hal_i2c.o
LOAD Drivers/STM32F4xx_HAL_Driver/stm32f4xx_hal_i2c_ex.o
LOAD Drivers/STM32F4xx_HAL_Driver/stm32f4xx_hal_i2s.o
LOAD Drivers/STM32F4xx_HAL_Driver/stm32f4xx_hal_i2s_ex.o
LOAD Drivers/STM32F4xx_HAL_Driver/stm32f4xx_hal_iwdg.o
LOAD Drivers/STM32F4xx_HAL_Driver/stm32f4xx_hal_pwr.o
LOAD Drivers/STM32F4xx_HAL_Driver/stm32f4xx_hal_pwr_ex.o
LOAD Drivers/STM32F4xx_HAL_Driver/stm32f4xx_hal_rcc.o
LOAD Drivers/STM32F4xx_HAL_Driver/stm32f4xx_hal_rcc_ex.o
LOAD Drivers/STM32F4xx_HAL_Driver/stm32f4xx_hal_rng.o
LOAD Drivers/STM32F4xx_HAL_Driver/stm32f4xx_hal_spi.o
LOAD Drivers/STM32F4xx_HAL_Driver/stm32f4xx_hal_tim.o
LOAD Drivers/STM32F4xx_HAL_Driver/stm32f4xx_hal_tim_ex.o
LOAD Drivers/STM32F4xx_HAL_Driver/stm32f4xx_hal_wwdg.o
LOAD Drivers/STM32F4xx_HAL_Driver/stm32f4xx_ll_usb.o
LOAD Middlewares/FreeRTOS/cmsis_os.o
LOAD Middlewares/FreeRTOS/croutine.o
LOAD Middlewares/FreeRTOS/event_groups.o
LOAD Middlewares/FreeRTOS/heap_4.o
LOAD Middlewares/FreeRTOS/list.o
LOAD Middlewares/FreeRTOS/port.o
LOAD Middlewares/FreeRTOS/queue.o
LOAD Middlewares/FreeRTOS/tasks.o
LOAD Middlewares/FreeRTOS/timers.o
LOAD Middlewares/USB_Host_Library/usbh_cdc.o
LOAD Middlewares/USB_Host_Library/usbh_core.o
LOAD Middlewares/USB_Host_Library/usbh_ctlreq.o
LOAD Middlewares/USB_Host_Library/usbh_ioreq.o
LOAD Middlewares/USB_Host_Library/usbh_pipes.o
LOAD Src/freertos.o
LOAD Src/main.o
LOAD Src/stm32f4xx_hal_msp.o
LOAD Src/stm32f4xx_it.o
LOAD Src/usb_host.o
LOAD Src/usbh_conf.o
LOAD Src/usbh_platform.o
LOAD c:/software/eclipse-cpp-neon-3-win32-x86_64/eclipse/plugins/fr.ac6.mcu.externaltools.arm-none.win32_1.13.3.201707031232/tools/compiler/bin/../lib/gcc/arm-none-eabi/5.4.1/../../../../arm-none-eabi/lib/armv7e-m/fpu\libm.a
START GROUP
LOAD c:/software/eclipse-cpp-neon-3-win32-x86_64/eclipse/plugins/fr.ac6.mcu.externaltools.arm-none.win32_1.13.3.201707031232/tools/compiler/bin/../lib/gcc/arm-none-eabi/5.4.1/armv7e-m/fpu\libgcc.a
LOAD c:/software/eclipse-cpp-neon-3-win32-x86_64/eclipse/plugins/fr.ac6.mcu.externaltools.arm-none.win32_1.13.3.201707031232/tools/compiler/bin/../lib/gcc/arm-none-eabi/5.4.1/../../../../arm-none-eabi/lib/armv7e-m/fpu\libc_nano.a
END GROUP
START GROUP
LOAD c:/software/eclipse-cpp-neon-3-win32-x86_64/eclipse/plugins/fr.ac6.mcu.externaltools.arm-none.win32_1.13.3.201707031232/tools/compiler/bin/../lib/gcc/arm-none-eabi/5.4.1/armv7e-m/fpu\libgcc.a
LOAD c:/software/eclipse-cpp-neon-3-win32-x86_64/eclipse/plugins/fr.ac6.mcu.externaltools.arm-none.win32_1.13.3.201707031232/tools/compiler/bin/../lib/gcc/arm-none-eabi/5.4.1/../../../../arm-none-eabi/lib/armv7e-m/fpu\libc_nano.a
LOAD c:/software/eclipse-cpp-neon-3-win32-x86_64/eclipse/plugins/fr.ac6.mcu.externaltools.arm-none.win32_1.13.3.201707031232/tools/compiler/bin/../lib/gcc/arm-none-eabi/5.4.1/../../../../arm-none-eabi/lib/armv7e-m/fpu\libnosys.a
END GROUP
START GROUP
LOAD c:/software/eclipse-cpp-neon-3-win32-x86_64/eclipse/plugins/fr.ac6.mcu.externaltools.arm-none.win32_1.13.3.201707031232/tools/compiler/bin/../lib/gcc/arm-none-eabi/5.4.1/armv7e-m/fpu\libgcc.a
LOAD c:/software/eclipse-cpp-neon-3-win32-x86_64/eclipse/plugins/fr.ac6.mcu.externaltools.arm-none.win32_1.13.3.201707031232/tools/compiler/bin/../lib/gcc/arm-none-eabi/5.4.1/../../../../arm-none-eabi/lib/armv7e-m/fpu\libc_nano.a
LOAD c:/software/eclipse-cpp-neon-3-win32-x86_64/eclipse/plugins/fr.ac6.mcu.externaltools.arm-none.win32_1.13.3.201707031232/tools/compiler/bin/../lib/gcc/arm-none-eabi/5.4.1/../../../../arm-none-eabi/lib/armv7e-m/fpu\libnosys.a
END GROUP
LOAD c:/software/eclipse-cpp-neon-3-win32-x86_64/eclipse/plugins/fr.ac6.mcu.externaltools.arm-none.win32_1.13.3.201707031232/tools/compiler/bin/../lib/gcc/arm-none-eabi/5.4.1/armv7e-m/fpu/crtend.o
LOAD c:/software/eclipse-cpp-neon-3-win32-x86_64/eclipse/plugins/fr.ac6.mcu.externaltools.arm-none.win32_1.13.3.201707031232/tools/compiler/bin/../lib/gcc/arm-none-eabi/5.4.1/armv7e-m/fpu/crtn.o
                0x20020000                _estack = 0x20020000
                0x00000200                _Min_Heap_Size = 0x200
                0x00000400                _Min_Stack_Size = 0x400

.isr_vector     0x08000000      0x188
                0x08000000                . = ALIGN (0x4)
 *(.isr_vector)
 .isr_vector    0x08000000      0x188 Application/SW4STM32/startup_stm32f407xx.o
                0x08000000                g_pfnVectors
                0x08000188                . = ALIGN (0x4)

.text           0x08000188     0x8f08
                0x08000188                . = ALIGN (0x4)
 *(.text)
 .text          0x08000188       0x5c c:/software/eclipse-cpp-neon-3-win32-x86_64/eclipse/plugins/fr.ac6.mcu.externaltools.arm-none.win32_1.13.3.201707031232/tools/compiler/bin/../lib/gcc/arm-none-eabi/5.4.1/armv7e-m/fpu/crtbegin.o
 *(.text*)
 .text.Reset_Handler
                0x080001e4       0x50 Application/SW4STM32/startup_stm32f407xx.o
                0x080001e4                Reset_Handler
 .text.Default_Handler
                0x08000234        0x2 Application/SW4STM32/startup_stm32f407xx.o
                0x08000234                RTC_Alarm_IRQHandler
                0x08000234                HASH_RNG_IRQHandler
                0x08000234                EXTI2_IRQHandler
                0x08000234                TIM8_CC_IRQHandler
                0x08000234                DebugMon_Handler
                0x08000234                TIM1_CC_IRQHandler
                0x08000234                DMA2_Stream5_IRQHandler
                0x08000234                HardFault_Handler
                0x08000234                DMA1_Stream5_IRQHandler
                0x08000234                PVD_IRQHandler
                0x08000234                SDIO_IRQHandler
                0x08000234                TAMP_STAMP_IRQHandler
                0x08000234                NMI_Handler
                0x08000234                CAN2_RX1_IRQHandler
                0x08000234                EXTI3_IRQHandler
                0x08000234                TIM8_TRG_COM_TIM14_IRQHandler
                0x08000234                TIM1_UP_TIM10_IRQHandler
                0x08000234                TIM8_UP_TIM13_IRQHandler
                0x08000234                I2C3_ER_IRQHandler
                0x08000234                EXTI0_IRQHandler
                0x08000234                I2C2_EV_IRQHandler
                0x08000234                DMA1_Stream2_IRQHandler
                0x08000234                CAN1_RX0_IRQHandler
                0x08000234                FPU_IRQHandler
                0x08000234                OTG_HS_WKUP_IRQHandler
                0x08000234                UsageFault_Handler
                0x08000234                CAN2_SCE_IRQHandler
                0x08000234                DMA2_Stream2_IRQHandler
                0x08000234                SPI1_IRQHandler
                0x08000234                TIM6_DAC_IRQHandler
                0x08000234                TIM1_BRK_TIM9_IRQHandler
                0x08000234                DCMI_IRQHandler
                0x08000234                CAN2_RX0_IRQHandler
                0x08000234                DMA2_Stream3_IRQHandler
                0x08000234                USART6_IRQHandler
                0x08000234                USART3_IRQHandler
                0x08000234                CAN1_RX1_IRQHandler
                0x08000234                UART5_IRQHandler
                0x08000234                DMA2_Stream0_IRQHandler
                0x08000234                TIM4_IRQHandler
                0x08000234                I2C1_EV_IRQHandler
                0x08000234                DMA1_Stream6_IRQHandler
                0x08000234                DMA1_Stream1_IRQHandler
                0x08000234                UART4_IRQHandler
                0x08000234                TIM3_IRQHandler
                0x08000234                RCC_IRQHandler
                0x08000234                TIM8_BRK_TIM12_IRQHandler
                0x08000234                Default_Handler
                0x08000234                EXTI15_10_IRQHandler
                0x08000234                ADC_IRQHandler
                0x08000234                DMA1_Stream7_IRQHandler
                0x08000234                TIM7_IRQHandler
                0x08000234                CAN2_TX_IRQHandler
                0x08000234                TIM5_IRQHandler
                0x08000234                DMA2_Stream7_IRQHandler
                0x08000234                I2C3_EV_IRQHandler
                0x08000234                EXTI9_5_IRQHandler
                0x08000234                RTC_WKUP_IRQHandler
                0x08000234                ETH_WKUP_IRQHandler
                0x08000234                SPI2_IRQHandler
                0x08000234                OTG_HS_EP1_IN_IRQHandler
                0x08000234                MemManage_Handler
                0x08000234                DMA1_Stream0_IRQHandler
                0x08000234                CAN1_TX_IRQHandler
                0x08000234                EXTI4_IRQHandler
                0x08000234                FSMC_IRQHandler
                0x08000234                ETH_IRQHandler
                0x08000234                OTG_HS_EP1_OUT_IRQHandler
                0x08000234                WWDG_IRQHandler
                0x08000234                TIM2_IRQHandler
                0x08000234                OTG_FS_WKUP_IRQHandler
                0x08000234                TIM1_TRG_COM_TIM11_IRQHandler
                0x08000234                OTG_HS_IRQHandler
                0x08000234                EXTI1_IRQHandler
                0x08000234                USART2_IRQHandler
                0x08000234                I2C2_ER_IRQHandler
                0x08000234                DMA2_Stream1_IRQHandler
                0x08000234                CAN1_SCE_IRQHandler
                0x08000234                FLASH_IRQHandler
                0x08000234                DMA2_Stream4_IRQHandler
                0x08000234                BusFault_Handler
                0x08000234                USART1_IRQHandler
                0x08000234                SPI3_IRQHandler
                0x08000234                DMA1_Stream4_IRQHandler
                0x08000234                I2C1_ER_IRQHandler
                0x08000234                DMA2_Stream6_IRQHandler
                0x08000234                DMA1_Stream3_IRQHandler
 *fill*         0x08000236        0x2 
 .text.SystemInit
                0x08000238       0x6c Drivers/CMSIS/system_stm32f4xx.o
                0x08000238                SystemInit
 .text.HAL_Init
                0x080002a4       0x44 Drivers/STM32F4xx_HAL_Driver/stm32f4xx_hal.o
                0x080002a4                HAL_Init
 .text.HAL_InitTick
                0x080002e8       0x38 Drivers/STM32F4xx_HAL_Driver/stm32f4xx_hal.o
                0x080002e8                HAL_InitTick
 .text.HAL_IncTick
                0x08000320       0x1c Drivers/STM32F4xx_HAL_Driver/stm32f4xx_hal.o
                0x08000320                HAL_IncTick
 .text.HAL_GetTick
                0x0800033c       0x18 Drivers/STM32F4xx_HAL_Driver/stm32f4xx_hal.o
                0x0800033c                HAL_GetTick
 .text.HAL_Delay
                0x08000354       0x2c Drivers/STM32F4xx_HAL_Driver/stm32f4xx_hal.o
                0x08000354                HAL_Delay
 .text.NVIC_SetPriorityGrouping
                0x08000380       0x48 Drivers/STM32F4xx_HAL_Driver/stm32f4xx_hal_cortex.o
 .text.NVIC_GetPriorityGrouping
                0x080003c8       0x1c Drivers/STM32F4xx_HAL_Driver/stm32f4xx_hal_cortex.o
 .text.NVIC_EnableIRQ
                0x080003e4       0x34 Drivers/STM32F4xx_HAL_Driver/stm32f4xx_hal_cortex.o
 .text.NVIC_SetPriority
                0x08000418       0x54 Drivers/STM32F4xx_HAL_Driver/stm32f4xx_hal_cortex.o
 .text.NVIC_EncodePriority
                0x0800046c       0x64 Drivers/STM32F4xx_HAL_Driver/stm32f4xx_hal_cortex.o
 .text.SysTick_Config
                0x080004d0       0x44 Drivers/STM32F4xx_HAL_Driver/stm32f4xx_hal_cortex.o
 .text.HAL_NVIC_SetPriorityGrouping
                0x08000514       0x18 Drivers/STM32F4xx_HAL_Driver/stm32f4xx_hal_cortex.o
                0x08000514                HAL_NVIC_SetPriorityGrouping
 .text.HAL_NVIC_SetPriority
                0x0800052c       0x38 Drivers/STM32F4xx_HAL_Driver/stm32f4xx_hal_cortex.o
                0x0800052c                HAL_NVIC_SetPriority
 .text.HAL_NVIC_EnableIRQ
                0x08000564       0x1c Drivers/STM32F4xx_HAL_Driver/stm32f4xx_hal_cortex.o
                0x08000564                HAL_NVIC_EnableIRQ
 .text.HAL_SYSTICK_Config
                0x08000580       0x18 Drivers/STM32F4xx_HAL_Driver/stm32f4xx_hal_cortex.o
                0x08000580                HAL_SYSTICK_Config
 .text.HAL_SYSTICK_CLKSourceConfig
                0x08000598       0x38 Drivers/STM32F4xx_HAL_Driver/stm32f4xx_hal_cortex.o
                0x08000598                HAL_SYSTICK_CLKSourceConfig
 .text.HAL_CRC_Init
                0x080005d0       0x40 Drivers/STM32F4xx_HAL_Driver/stm32f4xx_hal_crc.o
                0x080005d0                HAL_CRC_Init
 .text.HAL_GPIO_Init
                0x08000610      0x334 Drivers/STM32F4xx_HAL_Driver/stm32f4xx_hal_gpio.o
                0x08000610                HAL_GPIO_Init
 .text.HAL_GPIO_WritePin
                0x08000944       0x34 Drivers/STM32F4xx_HAL_Driver/stm32f4xx_hal_gpio.o
                0x08000944                HAL_GPIO_WritePin
 .text.HAL_HCD_Init
                0x08000978       0x98 Drivers/STM32F4xx_HAL_Driver/stm32f4xx_hal_hcd.o
                0x08000978                HAL_HCD_Init
 .text.HAL_HCD_HC_Init
                0x08000a10      0x110 Drivers/STM32F4xx_HAL_Driver/stm32f4xx_hal_hcd.o
                0x08000a10                HAL_HCD_HC_Init
 .text.HAL_HCD_HC_Halt
                0x08000b20       0x48 Drivers/STM32F4xx_HAL_Driver/stm32f4xx_hal_hcd.o
                0x08000b20                HAL_HCD_HC_Halt
 .text.HAL_HCD_HC_SubmitRequest
                0x08000b68      0x324 Drivers/STM32F4xx_HAL_Driver/stm32f4xx_hal_hcd.o
                0x08000b68                HAL_HCD_HC_SubmitRequest
 .text.HAL_HCD_IRQHandler
                0x08000e8c      0x1f4 Drivers/STM32F4xx_HAL_Driver/stm32f4xx_hal_hcd.o
                0x08000e8c                HAL_HCD_IRQHandler
 .text.HAL_HCD_Start
                0x08001080       0x48 Drivers/STM32F4xx_HAL_Driver/stm32f4xx_hal_hcd.o
                0x08001080                HAL_HCD_Start
 .text.HAL_HCD_Stop
                0x080010c8       0x3c Drivers/STM32F4xx_HAL_Driver/stm32f4xx_hal_hcd.o
                0x080010c8                HAL_HCD_Stop
 .text.HAL_HCD_ResetPort
                0x08001104       0x1c Drivers/STM32F4xx_HAL_Driver/stm32f4xx_hal_hcd.o
                0x08001104                HAL_HCD_ResetPort
 .text.HAL_HCD_HC_GetURBState
                0x08001120       0x2c Drivers/STM32F4xx_HAL_Driver/stm32f4xx_hal_hcd.o
                0x08001120                HAL_HCD_HC_GetURBState
 .text.HAL_HCD_HC_GetXferCount
                0x0800114c       0x2c Drivers/STM32F4xx_HAL_Driver/stm32f4xx_hal_hcd.o
                0x0800114c                HAL_HCD_HC_GetXferCount
 .text.HAL_HCD_GetCurrentFrame
                0x08001178       0x1c Drivers/STM32F4xx_HAL_Driver/stm32f4xx_hal_hcd.o
                0x08001178                HAL_HCD_GetCurrentFrame
 .text.HAL_HCD_GetCurrentSpeed
                0x08001194       0x1c Drivers/STM32F4xx_HAL_Driver/stm32f4xx_hal_hcd.o
                0x08001194                HAL_HCD_GetCurrentSpeed
 .text.HCD_HC_IN_IRQHandler
                0x080011b0      0x684 Drivers/STM32F4xx_HAL_Driver/stm32f4xx_hal_hcd.o
 .text.HCD_HC_OUT_IRQHandler
                0x08001834      0x678 Drivers/STM32F4xx_HAL_Driver/stm32f4xx_hal_hcd.o
 .text.HCD_RXQLVL_IRQHandler
                0x08001eac      0x164 Drivers/STM32F4xx_HAL_Driver/stm32f4xx_hal_hcd.o
 .text.HCD_Port_IRQHandler
                0x08002010      0x114 Drivers/STM32F4xx_HAL_Driver/stm32f4xx_hal_hcd.o
 .text.HAL_I2C_Init
                0x08002124      0x1c0 Drivers/STM32F4xx_HAL_Driver/stm32f4xx_hal_i2c.o
                0x08002124                HAL_I2C_Init
 .text.HAL_I2S_Init
                0x080022e4      0x234 Drivers/STM32F4xx_HAL_Driver/stm32f4xx_hal_i2s_ex.o
                0x080022e4                HAL_I2S_Init
 .text.I2S_GetInputClock
                0x08002518       0xa0 Drivers/STM32F4xx_HAL_Driver/stm32f4xx_hal_i2s_ex.o
                0x08002518                I2S_GetInputClock
 .text.HAL_IWDG_Init
                0x080025b8       0x74 Drivers/STM32F4xx_HAL_Driver/stm32f4xx_hal_iwdg.o
                0x080025b8                HAL_IWDG_Init
 .text.HAL_IWDG_Refresh
                0x0800262c       0x20 Drivers/STM32F4xx_HAL_Driver/stm32f4xx_hal_iwdg.o
                0x0800262c                HAL_IWDG_Refresh
 .text.HAL_RCC_OscConfig
                0x0800264c      0x424 Drivers/STM32F4xx_HAL_Driver/stm32f4xx_hal_rcc.o
                0x0800264c                HAL_RCC_OscConfig
 .text.HAL_RCC_ClockConfig
                0x08002a70      0x224 Drivers/STM32F4xx_HAL_Driver/stm32f4xx_hal_rcc.o
                0x08002a70                HAL_RCC_ClockConfig
 .text.HAL_RCC_GetSysClockFreq
                0x08002c94       0xfc Drivers/STM32F4xx_HAL_Driver/stm32f4xx_hal_rcc.o
                0x08002c94                HAL_RCC_GetSysClockFreq
 .text.HAL_RCC_GetHCLKFreq
                0x08002d90       0x18 Drivers/STM32F4xx_HAL_Driver/stm32f4xx_hal_rcc.o
                0x08002d90                HAL_RCC_GetHCLKFreq
 .text.HAL_RCC_GetPCLK1Freq
                0x08002da8       0x44 Drivers/STM32F4xx_HAL_Driver/stm32f4xx_hal_rcc.o
                0x08002da8                HAL_RCC_GetPCLK1Freq
 .text.HAL_RCCEx_PeriphCLKConfig
                0x08002dec      0x1e0 Drivers/STM32F4xx_HAL_Driver/stm32f4xx_hal_rcc_ex.o
                0x08002dec                HAL_RCCEx_PeriphCLKConfig
 .text.HAL_RNG_Init
                0x08002fcc       0x68 Drivers/STM32F4xx_HAL_Driver/stm32f4xx_hal_rng.o
                0x08002fcc                HAL_RNG_Init
 .text.HAL_SPI_Init
                0x08003034       0xc8 Drivers/STM32F4xx_HAL_Driver/stm32f4xx_hal_spi.o
                0x08003034                HAL_SPI_Init
 .text.USB_CoreInit
                0x080030fc       0x98 Drivers/STM32F4xx_HAL_Driver/stm32f4xx_ll_usb.o
                0x080030fc                USB_CoreInit
 .text.USB_EnableGlobalInt
                0x08003194       0x24 Drivers/STM32F4xx_HAL_Driver/stm32f4xx_ll_usb.o
                0x08003194                USB_EnableGlobalInt
 .text.USB_DisableGlobalInt
                0x080031b8       0x24 Drivers/STM32F4xx_HAL_Driver/stm32f4xx_ll_usb.o
                0x080031b8                USB_DisableGlobalInt
 .text.USB_SetCurrentMode
                0x080031dc       0x50 Drivers/STM32F4xx_HAL_Driver/stm32f4xx_ll_usb.o
                0x080031dc                USB_SetCurrentMode
 .text.USB_FlushTxFifo
                0x0800322c       0x4c Drivers/STM32F4xx_HAL_Driver/stm32f4xx_ll_usb.o
                0x0800322c                USB_FlushTxFifo
 .text.USB_FlushRxFifo
                0x08003278       0x44 Drivers/STM32F4xx_HAL_Driver/stm32f4xx_ll_usb.o
                0x08003278                USB_FlushRxFifo
 .text.USB_WritePacket
                0x080032bc       0x6c Drivers/STM32F4xx_HAL_Driver/stm32f4xx_ll_usb.o
                0x080032bc                USB_WritePacket
 .text.USB_ReadPacket
                0x08003328       0x50 Drivers/STM32F4xx_HAL_Driver/stm32f4xx_ll_usb.o
                0x08003328                USB_ReadPacket
 .text.USB_ReadInterrupts
                0x08003378       0x2c Drivers/STM32F4xx_HAL_Driver/stm32f4xx_ll_usb.o
                0x08003378                USB_ReadInterrupts
 .text.USB_GetMode
                0x080033a4       0x1c Drivers/STM32F4xx_HAL_Driver/stm32f4xx_ll_usb.o
                0x080033a4                USB_GetMode
 .text.USB_CoreReset
                0x080033c0       0x68 Drivers/STM32F4xx_HAL_Driver/stm32f4xx_ll_usb.o
 .text.USB_HostInit
                0x08003428      0x158 Drivers/STM32F4xx_HAL_Driver/stm32f4xx_ll_usb.o
                0x08003428                USB_HostInit
 .text.USB_InitFSLSPClkSel
                0x08003580       0x74 Drivers/STM32F4xx_HAL_Driver/stm32f4xx_ll_usb.o
                0x08003580                USB_InitFSLSPClkSel
 .text.USB_ResetPort
                0x080035f4       0x4c Drivers/STM32F4xx_HAL_Driver/stm32f4xx_ll_usb.o
                0x080035f4                USB_ResetPort
 .text.USB_DriveVbus
                0x08003640       0x6c Drivers/STM32F4xx_HAL_Driver/stm32f4xx_ll_usb.o
                0x08003640                USB_DriveVbus
 .text.USB_GetHostSpeed
                0x080036ac       0x28 Drivers/STM32F4xx_HAL_Driver/stm32f4xx_ll_usb.o
                0x080036ac                USB_GetHostSpeed
 .text.USB_GetCurrentFrame
                0x080036d4       0x20 Drivers/STM32F4xx_HAL_Driver/stm32f4xx_ll_usb.o
                0x080036d4                USB_GetCurrentFrame
 .text.USB_HC_Init
                0x080036f4      0x1f8 Drivers/STM32F4xx_HAL_Driver/stm32f4xx_ll_usb.o
                0x080036f4                USB_HC_Init
 .text.USB_HC_StartXfer
                0x080038ec      0x27c Drivers/STM32F4xx_HAL_Driver/stm32f4xx_ll_usb.o
                0x080038ec                USB_HC_StartXfer
 .text.USB_HC_ReadInterrupt
                0x08003b68       0x20 Drivers/STM32F4xx_HAL_Driver/stm32f4xx_ll_usb.o
                0x08003b68                USB_HC_ReadInterrupt
 .text.USB_HC_Halt
                0x08003b88      0x1c8 Drivers/STM32F4xx_HAL_Driver/stm32f4xx_ll_usb.o
                0x08003b88                USB_HC_Halt
 .text.USB_DoPing
                0x08003d50       0x78 Drivers/STM32F4xx_HAL_Driver/stm32f4xx_ll_usb.o
                0x08003d50                USB_DoPing
 .text.USB_StopHost
                0x08003dc8      0x104 Drivers/STM32F4xx_HAL_Driver/stm32f4xx_ll_usb.o
                0x08003dc8                USB_StopHost
 .text.makeFreeRtosPriority
                0x08003ecc       0x30 Middlewares/FreeRTOS/cmsis_os.o
 .text.inHandlerMode
                0x08003efc       0x24 Middlewares/FreeRTOS/cmsis_os.o
 .text.osKernelStart
                0x08003f20       0x10 Middlewares/FreeRTOS/cmsis_os.o
                0x08003f20                osKernelStart
 .text.osThreadCreate
                0x08003f30       0x58 Middlewares/FreeRTOS/cmsis_os.o
                0x08003f30                osThreadCreate
 .text.osDelay  0x08003f88       0x28 Middlewares/FreeRTOS/cmsis_os.o
                0x08003f88                osDelay
 .text.osMessageCreate
                0x08003fb0       0x24 Middlewares/FreeRTOS/cmsis_os.o
                0x08003fb0                osMessageCreate
 .text.osMessagePut
                0x08003fd4       0x80 Middlewares/FreeRTOS/cmsis_os.o
                0x08003fd4                osMessagePut
 .text.osMessageGet
                0x08004054       0xe8 Middlewares/FreeRTOS/cmsis_os.o
                0x08004054                osMessageGet
 .text.osSystickHandler
                0x0800413c       0x18 Middlewares/FreeRTOS/cmsis_os.o
                0x0800413c                osSystickHandler
 .text.xEventGroupCreate
                0x08004154       0x30 Middlewares/FreeRTOS/event_groups.o
                0x08004154                xEventGroupCreate
 .text.pvPortMalloc
                0x08004184      0x184 Middlewares/FreeRTOS/heap_4.o
                0x08004184                pvPortMalloc
 .text.vPortFree
                0x08004308       0xb0 Middlewares/FreeRTOS/heap_4.o
                0x08004308                vPortFree
 .text.prvHeapInit
                0x080043b8       0xc4 Middlewares/FreeRTOS/heap_4.o
 .text.prvInsertBlockIntoFreeList
                0x0800447c       0xb4 Middlewares/FreeRTOS/heap_4.o
 .text.vListInitialise
                0x08004530       0x40 Middlewares/FreeRTOS/list.o
                0x08004530                vListInitialise
 .text.vListInitialiseItem
                0x08004570       0x1c Middlewares/FreeRTOS/list.o
                0x08004570                vListInitialiseItem
 .text.vListInsertEnd
                0x0800458c       0x48 Middlewares/FreeRTOS/list.o
                0x0800458c                vListInsertEnd
 .text.vListInsert
                0x080045d4       0x74 Middlewares/FreeRTOS/list.o
                0x080045d4                vListInsert
 .text.uxListRemove
                0x08004648       0x54 Middlewares/FreeRTOS/list.o
                0x08004648                uxListRemove
 .text.pxPortInitialiseStack
                0x0800469c       0x64 Middlewares/FreeRTOS/port.o
                0x0800469c                pxPortInitialiseStack
 .text.prvTaskExitError
                0x08004700       0x3c Middlewares/FreeRTOS/port.o
 .text.SVC_Handler
                0x0800473c       0x24 Middlewares/FreeRTOS/port.o
                0x0800473c                SVC_Handler
 .text.prvPortStartFirstTask
                0x08004760       0x20 Middlewares/FreeRTOS/port.o
 .text.xPortStartScheduler
                0x08004780      0x118 Middlewares/FreeRTOS/port.o
                0x08004780                xPortStartScheduler
 .text.vPortEnterCritical
                0x08004898       0x5c Middlewares/FreeRTOS/port.o
                0x08004898                vPortEnterCritical
 .text.vPortExitCritical
                0x080048f4       0x50 Middlewares/FreeRTOS/port.o
                0x080048f4                vPortExitCritical
 .text.PendSV_Handler
                0x08004944       0x64 Middlewares/FreeRTOS/port.o
                0x08004944                PendSV_Handler
 .text.xPortSysTickHandler
                0x080049a8       0x48 Middlewares/FreeRTOS/port.o
                0x080049a8                xPortSysTickHandler
 .text.vPortSetupTimerInterrupt
                0x080049f0       0x38 Middlewares/FreeRTOS/port.o
                0x080049f0                vPortSetupTimerInterrupt
 .text.vPortEnableVFP
                0x08004a28       0x14 Middlewares/FreeRTOS/port.o
 .text.vPortValidateInterruptPriority
                0x08004a3c       0x7c Middlewares/FreeRTOS/port.o
                0x08004a3c                vPortValidateInterruptPriority
 .text.xQueueGenericReset
                0x08004ab8       0xd0 Middlewares/FreeRTOS/queue.o
                0x08004ab8                xQueueGenericReset
 .text.xQueueGenericCreate
                0x08004b88       0xb4 Middlewares/FreeRTOS/queue.o
                0x08004b88                xQueueGenericCreate
 .text.xQueueGenericSend
                0x08004c3c      0x1e8 Middlewares/FreeRTOS/queue.o
                0x08004c3c                xQueueGenericSend
 .text.xQueueGenericSendFromISR
                0x08004e24      0x118 Middlewares/FreeRTOS/queue.o
                0x08004e24                xQueueGenericSendFromISR
 .text.xQueueGenericReceive
                0x08004f3c      0x208 Middlewares/FreeRTOS/queue.o
                0x08004f3c                xQueueGenericReceive
 .text.xQueueReceiveFromISR
                0x08005144       0xe8 Middlewares/FreeRTOS/queue.o
                0x08005144                xQueueReceiveFromISR
 .text.prvCopyDataToQueue
                0x0800522c       0xd8 Middlewares/FreeRTOS/queue.o
 .text.prvCopyDataFromQueue
                0x08005304       0x4c Middlewares/FreeRTOS/queue.o
 .text.prvUnlockQueue
                0x08005350       0x98 Middlewares/FreeRTOS/queue.o
 .text.prvIsQueueEmpty
                0x080053e8       0x2c Middlewares/FreeRTOS/queue.o
 .text.prvIsQueueFull
                0x08005414       0x30 Middlewares/FreeRTOS/queue.o
 .text.xTaskGenericCreate
                0x08005444      0x1a0 Middlewares/FreeRTOS/tasks.o
                0x08005444                xTaskGenericCreate
 .text.vTaskDelayUntil
                0x080055e4      0x120 Middlewares/FreeRTOS/tasks.o
                0x080055e4                vTaskDelayUntil
 .text.vTaskDelay
                0x08005704       0xa4 Middlewares/FreeRTOS/tasks.o
                0x08005704                vTaskDelay
 .text.vTaskStartScheduler
                0x080057a8       0x8c Middlewares/FreeRTOS/tasks.o
                0x080057a8                vTaskStartScheduler
 .text.vTaskSuspendAll
                0x08005834       0x1c Middlewares/FreeRTOS/tasks.o
                0x08005834                vTaskSuspendAll
 .text.xTaskResumeAll
                0x08005850      0x128 Middlewares/FreeRTOS/tasks.o
                0x08005850                xTaskResumeAll
 .text.xTaskGetTickCount
                0x08005978       0x20 Middlewares/FreeRTOS/tasks.o
                0x08005978                xTaskGetTickCount
 .text.xTaskIncrementTick
                0x08005998      0x17c Middlewares/FreeRTOS/tasks.o
                0x08005998                xTaskIncrementTick
 .text.vTaskSwitchContext
                0x08005b14       0xb4 Middlewares/FreeRTOS/tasks.o
                0x08005b14                vTaskSwitchContext
 .text.vTaskPlaceOnEventList
                0x08005bc8       0x9c Middlewares/FreeRTOS/tasks.o
                0x08005bc8                vTaskPlaceOnEventList
 .text.xTaskRemoveFromEventList
                0x08005c64       0xc4 Middlewares/FreeRTOS/tasks.o
                0x08005c64                xTaskRemoveFromEventList
 .text.vTaskSetTimeOutState
                0x08005d28       0x48 Middlewares/FreeRTOS/tasks.o
                0x08005d28                vTaskSetTimeOutState
 .text.xTaskCheckForTimeOut
                0x08005d70       0xbc Middlewares/FreeRTOS/tasks.o
                0x08005d70                xTaskCheckForTimeOut
 .text.vTaskMissedYield
                0x08005e2c       0x18 Middlewares/FreeRTOS/tasks.o
                0x08005e2c                vTaskMissedYield
 .text.prvIdleTask
                0x08005e44       0x34 Middlewares/FreeRTOS/tasks.o
 .text.prvInitialiseTCBVariables
                0x08005e78       0xa8 Middlewares/FreeRTOS/tasks.o
 .text.prvInitialiseTaskLists
                0x08005f20       0x80 Middlewares/FreeRTOS/tasks.o
 .text.prvCheckTasksWaitingTermination
                0x08005fa0       0x78 Middlewares/FreeRTOS/tasks.o
 .text.prvAddCurrentTaskToDelayedList
                0x08006018       0x6c Middlewares/FreeRTOS/tasks.o
 .text.prvAllocateTCBAndStack
                0x08006084       0x6c Middlewares/FreeRTOS/tasks.o
 .text.prvDeleteTCB
                0x080060f0       0x20 Middlewares/FreeRTOS/tasks.o
 .text.prvResetNextTaskUnblockTime
                0x08006110       0x4c Middlewares/FreeRTOS/tasks.o
 .text.xTaskGetSchedulerState
                0x0800615c       0x3c Middlewares/FreeRTOS/tasks.o
                0x0800615c                xTaskGetSchedulerState
 .text.vTaskPriorityInherit
                0x08006198       0xec Middlewares/FreeRTOS/tasks.o
                0x08006198                vTaskPriorityInherit
 .text.xTaskPriorityDisinherit
                0x08006284      0x108 Middlewares/FreeRTOS/tasks.o
                0x08006284                xTaskPriorityDisinherit
 .text.pvTaskIncrementMutexHeldCount
                0x0800638c       0x28 Middlewares/FreeRTOS/tasks.o
                0x0800638c                pvTaskIncrementMutexHeldCount
 .text.USBH_CDC_InterfaceInit
                0x080063b4      0x284 Middlewares/USB_Host_Library/usbh_cdc.o
 .text.USBH_CDC_InterfaceDeInit
                0x08006638       0xb4 Middlewares/USB_Host_Library/usbh_cdc.o
 .text.USBH_CDC_ClassRequest
                0x080066ec       0x44 Middlewares/USB_Host_Library/usbh_cdc.o
 .text.USBH_CDC_Process
                0x08006730      0x12c Middlewares/USB_Host_Library/usbh_cdc.o
 .text.USBH_CDC_SOFProcess
                0x0800685c       0x18 Middlewares/USB_Host_Library/usbh_cdc.o
 .text.GetLineCoding
                0x08006874       0x40 Middlewares/USB_Host_Library/usbh_cdc.o
 .text.SetLineCoding
                0x080068b4       0x40 Middlewares/USB_Host_Library/usbh_cdc.o
 .text.CDC_ProcessTransmission
                0x080068f4      0x110 Middlewares/USB_Host_Library/usbh_cdc.o
 .text.CDC_ProcessReception
                0x08006a04       0xc8 Middlewares/USB_Host_Library/usbh_cdc.o
 .text.USBH_CDC_TransmitCallback
                0x08006acc       0x14 Middlewares/USB_Host_Library/usbh_cdc.o
                0x08006acc                USBH_CDC_TransmitCallback
 .text.USBH_CDC_ReceiveCallback
                0x08006ae0       0x14 Middlewares/USB_Host_Library/usbh_cdc.o
                0x08006ae0                USBH_CDC_ReceiveCallback
 .text.USBH_CDC_LineCodingChanged
                0x08006af4       0x14 Middlewares/USB_Host_Library/usbh_cdc.o
                0x08006af4                USBH_CDC_LineCodingChanged
 .text.USBH_Init
                0x08006b08       0xa4 Middlewares/USB_Host_Library/usbh_core.o
                0x08006b08                USBH_Init
 .text.DeInitStateMachine
                0x08006bac       0x94 Middlewares/USB_Host_Library/usbh_core.o
 .text.USBH_RegisterClass
                0x08006c40       0x54 Middlewares/USB_Host_Library/usbh_core.o
                0x08006c40                USBH_RegisterClass
 .text.USBH_SelectInterface
                0x08006c94       0x38 Middlewares/USB_Host_Library/usbh_core.o
                0x08006c94                USBH_SelectInterface
 .text.USBH_FindInterface
                0x08006ccc       0x98 Middlewares/USB_Host_Library/usbh_core.o
                0x08006ccc                USBH_FindInterface
 .text.USBH_Start
                0x08006d64       0x20 Middlewares/USB_Host_Library/usbh_core.o
                0x08006d64                USBH_Start
 .text.USBH_Process
                0x08006d84      0x2e4 Middlewares/USB_Host_Library/usbh_core.o
                0x08006d84                USBH_Process
 .text.USBH_HandleEnum
                0x08007068      0x274 Middlewares/USB_Host_Library/usbh_core.o
 .text.USBH_LL_SetTimer
                0x080072dc       0x20 Middlewares/USB_Host_Library/usbh_core.o
                0x080072dc                USBH_LL_SetTimer
 .text.USBH_LL_IncTimer
                0x080072fc       0x24 Middlewares/USB_Host_Library/usbh_core.o
                0x080072fc                USBH_LL_IncTimer
 .text.USBH_HandleSof
                0x08007320       0x30 Middlewares/USB_Host_Library/usbh_core.o
 .text.USBH_LL_Connect
                0x08007350       0x5c Middlewares/USB_Host_Library/usbh_core.o
                0x08007350                USBH_LL_Connect
 .text.USBH_LL_Disconnect
                0x080073ac       0x6c Middlewares/USB_Host_Library/usbh_core.o
                0x080073ac                USBH_LL_Disconnect
 .text.USBH_Process_OS
                0x08007418       0x2c Middlewares/USB_Host_Library/usbh_core.o
 .text.USBH_LL_NotifyURBChange
                0x08007444       0x24 Middlewares/USB_Host_Library/usbh_core.o
                0x08007444                USBH_LL_NotifyURBChange
 .text.USBH_Get_DevDesc
                0x08007468       0x50 Middlewares/USB_Host_Library/usbh_ctlreq.o
                0x08007468                USBH_Get_DevDesc
 .text.USBH_Get_CfgDesc
                0x080074b8       0x48 Middlewares/USB_Host_Library/usbh_ctlreq.o
                0x080074b8                USBH_Get_CfgDesc
 .text.USBH_Get_StringDesc
                0x08007500       0x58 Middlewares/USB_Host_Library/usbh_ctlreq.o
                0x08007500                USBH_Get_StringDesc
 .text.USBH_GetDescriptor
                0x08007558       0x6c Middlewares/USB_Host_Library/usbh_ctlreq.o
                0x08007558                USBH_GetDescriptor
 .text.USBH_SetAddress
                0x080075c4       0x48 Middlewares/USB_Host_Library/usbh_ctlreq.o
                0x080075c4                USBH_SetAddress
 .text.USBH_SetCfg
                0x0800760c       0x48 Middlewares/USB_Host_Library/usbh_ctlreq.o
                0x0800760c                USBH_SetCfg
 .text.USBH_ClrFeature
                0x08007654       0x48 Middlewares/USB_Host_Library/usbh_ctlreq.o
                0x08007654                USBH_ClrFeature
 .text.USBH_ParseDevDesc
                0x0800769c       0xe0 Middlewares/USB_Host_Library/usbh_ctlreq.o
 .text.USBH_ParseCfgDesc
                0x0800777c      0x14c Middlewares/USB_Host_Library/usbh_ctlreq.o
 .text.USBH_ParseInterfaceDesc
                0x080078c8       0x60 Middlewares/USB_Host_Library/usbh_ctlreq.o
 .text.USBH_ParseEPDesc
                0x08007928       0x5c Middlewares/USB_Host_Library/usbh_ctlreq.o
 .text.USBH_ParseStringDesc
                0x08007984       0x68 Middlewares/USB_Host_Library/usbh_ctlreq.o
 .text.USBH_GetNextDesc
                0x080079ec       0x38 Middlewares/USB_Host_Library/usbh_ctlreq.o
                0x080079ec                USBH_GetNextDesc
 .text.USBH_CtlReq
                0x08007a24       0x8c Middlewares/USB_Host_Library/usbh_ctlreq.o
                0x08007a24                USBH_CtlReq
 .text.USBH_HandleControl
                0x08007ab0      0x3c0 Middlewares/USB_Host_Library/usbh_ctlreq.o
 .text.USBH_CtlSendSetup
                0x08007e70       0x34 Middlewares/USB_Host_Library/usbh_ioreq.o
                0x08007e70                USBH_CtlSendSetup
 .text.USBH_CtlSendData
                0x08007ea4       0x4c Middlewares/USB_Host_Library/usbh_ioreq.o
                0x08007ea4                USBH_CtlSendData
 .text.USBH_CtlReceiveData
                0x08007ef0       0x3c Middlewares/USB_Host_Library/usbh_ioreq.o
                0x08007ef0                USBH_CtlReceiveData
 .text.USBH_BulkSendData
                0x08007f2c       0x4c Middlewares/USB_Host_Library/usbh_ioreq.o
                0x08007f2c                USBH_BulkSendData
 .text.USBH_BulkReceiveData
                0x08007f78       0x3c Middlewares/USB_Host_Library/usbh_ioreq.o
                0x08007f78                USBH_BulkReceiveData
 .text.USBH_OpenPipe
                0x08007fb4       0x40 Middlewares/USB_Host_Library/usbh_pipes.o
                0x08007fb4                USBH_OpenPipe
 .text.USBH_ClosePipe
                0x08007ff4       0x20 Middlewares/USB_Host_Library/usbh_pipes.o
                0x08007ff4                USBH_ClosePipe
 .text.USBH_AllocPipe
                0x08008014       0x40 Middlewares/USB_Host_Library/usbh_pipes.o
                0x08008014                USBH_AllocPipe
 .text.USBH_FreePipe
                0x08008054       0x40 Middlewares/USB_Host_Library/usbh_pipes.o
                0x08008054                USBH_FreePipe
 .text.USBH_GetFreePipe
                0x08008094       0x48 Middlewares/USB_Host_Library/usbh_pipes.o
 .text.Set_LED_on
                0x080080dc       0x48 Src/main.o
                0x080080dc                Set_LED_on
 .text.Set_LED_off
                0x08008124       0x48 Src/main.o
                0x08008124                Set_LED_off
 .text.vApplicationIdleHook
                0x0800816c       0x14 Src/main.o
                0x0800816c                vApplicationIdleHook
 .text.increase_and_check_sync
                0x08008180       0x20 Src/main.o
 .text.vTaskMonitor
                0x080081a0       0x50 Src/main.o
 .text.main     0x080081f0       0x9c Src/main.o
                0x080081f0                main
 .text.SystemClock_Config
                0x0800828c      0x104 Src/main.o
                0x0800828c                SystemClock_Config
 .text.MX_CRC_Init
                0x08008390       0x28 Src/main.o
 .text.MX_I2C1_Init
                0x080083b8       0x5c Src/main.o
 .text.MX_I2S3_Init
                0x08008414       0x60 Src/main.o
 .text.MX_IWDG_Init
                0x08008474       0x34 Src/main.o
 .text.MX_RNG_Init
                0x080084a8       0x28 Src/main.o
 .text.MX_SPI1_Init
                0x080084d0       0x6c Src/main.o
 .text.MX_GPIO_Init
                0x0800853c      0x1ec Src/main.o
 .text.StartDefaultTask
                0x08008728       0x14 Src/main.o
                0x08008728                StartDefaultTask
 .text.Error_Handler
                0x0800873c        0x8 Src/main.o
                0x0800873c                Error_Handler
 .text.HAL_MspInit
                0x08008744       0x64 Src/stm32f4xx_hal_msp.o
                0x08008744                HAL_MspInit
 .text.HAL_CRC_MspInit
                0x080087a8       0x44 Src/stm32f4xx_hal_msp.o
                0x080087a8                HAL_CRC_MspInit
 .text.HAL_I2C_MspInit
                0x080087ec       0x64 Src/stm32f4xx_hal_msp.o
                0x080087ec                HAL_I2C_MspInit
 .text.HAL_I2S_MspInit
                0x08008850       0x88 Src/stm32f4xx_hal_msp.o
                0x08008850                HAL_I2S_MspInit
 .text.HAL_RNG_MspInit
                0x080088d8       0x44 Src/stm32f4xx_hal_msp.o
                0x080088d8                HAL_RNG_MspInit
 .text.HAL_SPI_MspInit
                0x0800891c       0x64 Src/stm32f4xx_hal_msp.o
                0x0800891c                HAL_SPI_MspInit
 .text.SysTick_Handler
                0x08008980       0x10 Src/stm32f4xx_it.o
                0x08008980                SysTick_Handler
 .text.OTG_FS_IRQHandler
                0x08008990       0x14 Src/stm32f4xx_it.o
                0x08008990                OTG_FS_IRQHandler
 .text.MX_USB_HOST_Init
                0x080089a4       0x2c Src/usb_host.o
                0x080089a4                MX_USB_HOST_Init
 .text.USBH_UserProcess
                0x080089d0       0x5c Src/usb_host.o
 .text.HAL_HCD_MspInit
                0x08008a2c       0x98 Src/usbh_conf.o
                0x08008a2c                HAL_HCD_MspInit
 .text.HAL_HCD_SOF_Callback
                0x08008ac4       0x1c Src/usbh_conf.o
                0x08008ac4                HAL_HCD_SOF_Callback
 .text.HAL_HCD_Connect_Callback
                0x08008ae0       0x1c Src/usbh_conf.o
                0x08008ae0                HAL_HCD_Connect_Callback
 .text.HAL_HCD_Disconnect_Callback
                0x08008afc       0x1c Src/usbh_conf.o
                0x08008afc                HAL_HCD_Disconnect_Callback
 .text.HAL_HCD_HC_NotifyURBChange_Callback
                0x08008b18       0x24 Src/usbh_conf.o
                0x08008b18                HAL_HCD_HC_NotifyURBChange_Callback
 .text.USBH_LL_Init
                0x08008b3c       0x78 Src/usbh_conf.o
                0x08008b3c                USBH_LL_Init
 .text.USBH_LL_Start
                0x08008bb4       0x20 Src/usbh_conf.o
                0x08008bb4                USBH_LL_Start
 .text.USBH_LL_Stop
                0x08008bd4       0x20 Src/usbh_conf.o
                0x08008bd4                USBH_LL_Stop
 .text.USBH_LL_GetSpeed
                0x08008bf4       0x4c Src/usbh_conf.o
                0x08008bf4                USBH_LL_GetSpeed
 .text.USBH_LL_ResetPort
                0x08008c40       0x20 Src/usbh_conf.o
                0x08008c40                USBH_LL_ResetPort
 .text.USBH_LL_GetLastXferSize
                0x08008c60       0x28 Src/usbh_conf.o
                0x08008c60                USBH_LL_GetLastXferSize
 .text.USBH_LL_OpenPipe
                0x08008c88       0x44 Src/usbh_conf.o
                0x08008c88                USBH_LL_OpenPipe
 .text.USBH_LL_ClosePipe
                0x08008ccc       0x28 Src/usbh_conf.o
                0x08008ccc                USBH_LL_ClosePipe
 .text.USBH_LL_SubmitURB
                0x08008cf4       0x48 Src/usbh_conf.o
                0x08008cf4                USBH_LL_SubmitURB
 .text.USBH_LL_GetURBState
                0x08008d3c       0x28 Src/usbh_conf.o
                0x08008d3c                USBH_LL_GetURBState
 .text.USBH_LL_DriverVBUS
                0x08008d64       0x30 Src/usbh_conf.o
                0x08008d64                USBH_LL_DriverVBUS
 .text.USBH_LL_SetToggle
                0x08008d94       0x68 Src/usbh_conf.o
                0x08008d94                USBH_LL_SetToggle
 .text.USBH_Delay
                0x08008dfc       0x18 Src/usbh_conf.o
                0x08008dfc                USBH_Delay
 .text.MX_DriverVbusFS
                0x08008e14       0x38 Src/usbh_platform.o
                0x08008e14                MX_DriverVbusFS
 .text.__libc_init_array
                0x08008e4c       0x4c c:/software/eclipse-cpp-neon-3-win32-x86_64/eclipse/plugins/fr.ac6.mcu.externaltools.arm-none.win32_1.13.3.201707031232/tools/compiler/bin/../lib/gcc/arm-none-eabi/5.4.1/../../../../arm-none-eabi/lib/armv7e-m/fpu\libc_nano.a(lib_a-init.o)
                0x08008e4c                __libc_init_array
 .text.malloc   0x08008e98       0x10 c:/software/eclipse-cpp-neon-3-win32-x86_64/eclipse/plugins/fr.ac6.mcu.externaltools.arm-none.win32_1.13.3.201707031232/tools/compiler/bin/../lib/gcc/arm-none-eabi/5.4.1/../../../../arm-none-eabi/lib/armv7e-m/fpu\libc_nano.a(lib_a-malloc.o)
                0x08008e98                malloc
 .text.free     0x08008ea8       0x10 c:/software/eclipse-cpp-neon-3-win32-x86_64/eclipse/plugins/fr.ac6.mcu.externaltools.arm-none.win32_1.13.3.201707031232/tools/compiler/bin/../lib/gcc/arm-none-eabi/5.4.1/../../../../arm-none-eabi/lib/armv7e-m/fpu\libc_nano.a(lib_a-malloc.o)
                0x08008ea8                free
 .text.memcpy   0x08008eb8       0x16 c:/software/eclipse-cpp-neon-3-win32-x86_64/eclipse/plugins/fr.ac6.mcu.externaltools.arm-none.win32_1.13.3.201707031232/tools/compiler/bin/../lib/gcc/arm-none-eabi/5.4.1/../../../../arm-none-eabi/lib/armv7e-m/fpu\libc_nano.a(lib_a-memcpy-stub.o)
                0x08008eb8                memcpy
 .text.memset   0x08008ece       0x10 c:/software/eclipse-cpp-neon-3-win32-x86_64/eclipse/plugins/fr.ac6.mcu.externaltools.arm-none.win32_1.13.3.201707031232/tools/compiler/bin/../lib/gcc/arm-none-eabi/5.4.1/../../../../arm-none-eabi/lib/armv7e-m/fpu\libc_nano.a(lib_a-memset.o)
                0x08008ece                memset
 *fill*         0x08008ede        0x2 
 .text._free_r  0x08008ee0       0x9c c:/software/eclipse-cpp-neon-3-win32-x86_64/eclipse/plugins/fr.ac6.mcu.externaltools.arm-none.win32_1.13.3.201707031232/tools/compiler/bin/../lib/gcc/arm-none-eabi/5.4.1/../../../../arm-none-eabi/lib/armv7e-m/fpu\libc_nano.a(lib_a-nano-freer.o)
                0x08008ee0                _free_r
 .text._malloc_r
                0x08008f7c       0xbc c:/software/eclipse-cpp-neon-3-win32-x86_64/eclipse/plugins/fr.ac6.mcu.externaltools.arm-none.win32_1.13.3.201707031232/tools/compiler/bin/../lib/gcc/arm-none-eabi/5.4.1/../../../../arm-none-eabi/lib/armv7e-m/fpu\libc_nano.a(lib_a-nano-mallocr.o)
                0x08008f7c                _malloc_r
 .text._sbrk_r  0x08009038       0x20 c:/software/eclipse-cpp-neon-3-win32-x86_64/eclipse/plugins/fr.ac6.mcu.externaltools.arm-none.win32_1.13.3.201707031232/tools/compiler/bin/../lib/gcc/arm-none-eabi/5.4.1/../../../../arm-none-eabi/lib/armv7e-m/fpu\libc_nano.a(lib_a-sbrkr.o)
                0x08009038                _sbrk_r
 .text.__malloc_lock
                0x08009058        0x2 c:/software/eclipse-cpp-neon-3-win32-x86_64/eclipse/plugins/fr.ac6.mcu.externaltools.arm-none.win32_1.13.3.201707031232/tools/compiler/bin/../lib/gcc/arm-none-eabi/5.4.1/../../../../arm-none-eabi/lib/armv7e-m/fpu\libc_nano.a(lib_a-mlock.o)
                0x08009058                __malloc_lock
 .text.__malloc_unlock
                0x0800905a        0x2 c:/software/eclipse-cpp-neon-3-win32-x86_64/eclipse/plugins/fr.ac6.mcu.externaltools.arm-none.win32_1.13.3.201707031232/tools/compiler/bin/../lib/gcc/arm-none-eabi/5.4.1/../../../../arm-none-eabi/lib/armv7e-m/fpu\libc_nano.a(lib_a-mlock.o)
                0x0800905a                __malloc_unlock
 .text._sbrk    0x0800905c       0x1c c:/software/eclipse-cpp-neon-3-win32-x86_64/eclipse/plugins/fr.ac6.mcu.externaltools.arm-none.win32_1.13.3.201707031232/tools/compiler/bin/../lib/gcc/arm-none-eabi/5.4.1/../../../../arm-none-eabi/lib/armv7e-m/fpu\libnosys.a(sbrk.o)
                0x0800905c                _sbrk
 *(.glue_7)
 .glue_7        0x08009078        0x0 linker stubs
 *(.glue_7t)
 .glue_7t       0x08009078        0x0 linker stubs
 *(.eh_frame)
 .eh_frame      0x08009078        0x0 c:/software/eclipse-cpp-neon-3-win32-x86_64/eclipse/plugins/fr.ac6.mcu.externaltools.arm-none.win32_1.13.3.201707031232/tools/compiler/bin/../lib/gcc/arm-none-eabi/5.4.1/armv7e-m/fpu/crtbegin.o
 *(.init)
 .init          0x08009078        0x4 c:/software/eclipse-cpp-neon-3-win32-x86_64/eclipse/plugins/fr.ac6.mcu.externaltools.arm-none.win32_1.13.3.201707031232/tools/compiler/bin/../lib/gcc/arm-none-eabi/5.4.1/armv7e-m/fpu/crti.o
                0x08009078                _init
 .init          0x0800907c        0x8 c:/software/eclipse-cpp-neon-3-win32-x86_64/eclipse/plugins/fr.ac6.mcu.externaltools.arm-none.win32_1.13.3.201707031232/tools/compiler/bin/../lib/gcc/arm-none-eabi/5.4.1/armv7e-m/fpu/crtn.o
 *(.fini)
 .fini          0x08009084        0x4 c:/software/eclipse-cpp-neon-3-win32-x86_64/eclipse/plugins/fr.ac6.mcu.externaltools.arm-none.win32_1.13.3.201707031232/tools/compiler/bin/../lib/gcc/arm-none-eabi/5.4.1/armv7e-m/fpu/crti.o
                0x08009084                _fini
 .fini          0x08009088        0x8 c:/software/eclipse-cpp-neon-3-win32-x86_64/eclipse/plugins/fr.ac6.mcu.externaltools.arm-none.win32_1.13.3.201707031232/tools/compiler/bin/../lib/gcc/arm-none-eabi/5.4.1/armv7e-m/fpu/crtn.o
                0x08009090                . = ALIGN (0x4)
                0x08009090                _etext = .

.vfp11_veneer   0x08009090        0x0
 .vfp11_veneer  0x08009090        0x0 linker stubs

.v4_bx          0x08009090        0x0
 .v4_bx         0x08009090        0x0 linker stubs

.iplt           0x08009090        0x0
 .iplt          0x08009090        0x0 c:/software/eclipse-cpp-neon-3-win32-x86_64/eclipse/plugins/fr.ac6.mcu.externaltools.arm-none.win32_1.13.3.201707031232/tools/compiler/bin/../lib/gcc/arm-none-eabi/5.4.1/armv7e-m/fpu/crtbegin.o

.rodata         0x08009090       0x74
                0x08009090                . = ALIGN (0x4)
 *(.rodata)
 .rodata        0x08009090       0x10 Drivers/STM32F4xx_HAL_Driver/stm32f4xx_hal_rcc.o
                0x08009090                APBAHBPrescTable
 .rodata        0x080090a0        0x5 Middlewares/FreeRTOS/tasks.o
 *fill*         0x080090a5        0x3 
 .rodata        0x080090a8        0x4 Middlewares/USB_Host_Library/usbh_cdc.o
 .rodata        0x080090ac       0x28 Middlewares/USB_Host_Library/usbh_core.o
 .rodata        0x080090d4       0x30 Src/main.o
 *(.rodata*)
                0x08009104                . = ALIGN (0x4)

.rel.dyn        0x08009104        0x0
 .rel.iplt      0x08009104        0x0 c:/software/eclipse-cpp-neon-3-win32-x86_64/eclipse/plugins/fr.ac6.mcu.externaltools.arm-none.win32_1.13.3.201707031232/tools/compiler/bin/../lib/gcc/arm-none-eabi/5.4.1/armv7e-m/fpu/crtbegin.o

.ARM.extab
 *(.ARM.extab* .gnu.linkonce.armextab.*)

.ARM            0x08009104        0x0
                0x08009104                __exidx_start = .
 *(.ARM.exidx*)
                0x08009104                __exidx_end = .

.preinit_array  0x08009104        0x0
                0x08009104                PROVIDE (__preinit_array_start, .)
 *(.preinit_array*)
                0x08009104                PROVIDE (__preinit_array_end, .)

.init_array     0x08009104        0x4
                0x08009104                PROVIDE (__init_array_start, .)
 *(SORT(.init_array.*))
 *(.init_array*)
 .init_array    0x08009104        0x4 c:/software/eclipse-cpp-neon-3-win32-x86_64/eclipse/plugins/fr.ac6.mcu.externaltools.arm-none.win32_1.13.3.201707031232/tools/compiler/bin/../lib/gcc/arm-none-eabi/5.4.1/armv7e-m/fpu/crtbegin.o
                0x08009108                PROVIDE (__init_array_end, .)

.fini_array     0x08009108        0x4
                [!provide]                PROVIDE (__fini_array_start, .)
 *(SORT(.fini_array.*))
 *(.fini_array*)
 .fini_array    0x08009108        0x4 c:/software/eclipse-cpp-neon-3-win32-x86_64/eclipse/plugins/fr.ac6.mcu.externaltools.arm-none.win32_1.13.3.201707031232/tools/compiler/bin/../lib/gcc/arm-none-eabi/5.4.1/armv7e-m/fpu/crtbegin.o
                [!provide]                PROVIDE (__fini_array_end, .)
                0x0800910c                _sidata = LOADADDR (.data)

.data           0x20000000       0x8c load address 0x0800910c
                0x20000000                . = ALIGN (0x4)
                0x20000000                _sdata = .
 *(.data)
 .data          0x20000000        0x4 Drivers/CMSIS/system_stm32f4xx.o
                0x20000000                SystemCoreClock
 .data          0x20000004        0x4 Middlewares/FreeRTOS/port.o
 .data          0x20000008       0x20 Middlewares/USB_Host_Library/usbh_cdc.o
                0x20000008                CDC_Class
 *(.data*)
 .data.impure_data
                0x20000028       0x60 c:/software/eclipse-cpp-neon-3-win32-x86_64/eclipse/plugins/fr.ac6.mcu.externaltools.arm-none.win32_1.13.3.201707031232/tools/compiler/bin/../lib/gcc/arm-none-eabi/5.4.1/../../../../arm-none-eabi/lib/armv7e-m/fpu\libc_nano.a(lib_a-impure.o)
 .data._impure_ptr
                0x20000088        0x4 c:/software/eclipse-cpp-neon-3-win32-x86_64/eclipse/plugins/fr.ac6.mcu.externaltools.arm-none.win32_1.13.3.201707031232/tools/compiler/bin/../lib/gcc/arm-none-eabi/5.4.1/../../../../arm-none-eabi/lib/armv7e-m/fpu\libc_nano.a(lib_a-impure.o)
                0x20000088                _impure_ptr
                0x2000008c                . = ALIGN (0x4)
                0x2000008c                _edata = .
                0x08009198                _siccmram = LOADADDR (.ccmram)

.jcr            0x2000008c        0x0 load address 0x08009198
 .jcr           0x2000008c        0x0 c:/software/eclipse-cpp-neon-3-win32-x86_64/eclipse/plugins/fr.ac6.mcu.externaltools.arm-none.win32_1.13.3.201707031232/tools/compiler/bin/../lib/gcc/arm-none-eabi/5.4.1/armv7e-m/fpu/crtbegin.o

.igot.plt       0x2000008c        0x0 load address 0x08009198
 .igot.plt      0x2000008c        0x0 c:/software/eclipse-cpp-neon-3-win32-x86_64/eclipse/plugins/fr.ac6.mcu.externaltools.arm-none.win32_1.13.3.201707031232/tools/compiler/bin/../lib/gcc/arm-none-eabi/5.4.1/armv7e-m/fpu/crtbegin.o

.ccmram         0x10000000        0x0 load address 0x08009198
                0x10000000                . = ALIGN (0x4)
                0x10000000                _sccmram = .
 *(.ccmram)
 *(.ccmram*)
                0x10000000                . = ALIGN (0x4)
                0x10000000                _eccmram = .
                0x10000000                . = ALIGN (0x4)

.bss            0x2000008c     0x4590
                0x2000008c                _sbss = .
                0x2000008c                __bss_start__ = _sbss
 *(.bss)
 .bss           0x2000008c       0x1c c:/software/eclipse-cpp-neon-3-win32-x86_64/eclipse/plugins/fr.ac6.mcu.externaltools.arm-none.win32_1.13.3.201707031232/tools/compiler/bin/../lib/gcc/arm-none-eabi/5.4.1/armv7e-m/fpu/crtbegin.o
 .bss           0x200000a8     0x3c18 Middlewares/FreeRTOS/heap_4.o
 .bss           0x20003cc0        0x8 Middlewares/FreeRTOS/port.o
 .bss           0x20003cc8      0x128 Middlewares/FreeRTOS/tasks.o
                0x20003cc8                pxCurrentTCB
 .bss           0x20003df0        0x1 Src/usb_host.o
                0x20003df0                Appli_state
 *(.bss*)
 *fill*         0x20003df1        0x3 
 .bss.__malloc_sbrk_start
                0x20003df4        0x4 c:/software/eclipse-cpp-neon-3-win32-x86_64/eclipse/plugins/fr.ac6.mcu.externaltools.arm-none.win32_1.13.3.201707031232/tools/compiler/bin/../lib/gcc/arm-none-eabi/5.4.1/../../../../arm-none-eabi/lib/armv7e-m/fpu\libc_nano.a(lib_a-nano-mallocr.o)
                0x20003df4                __malloc_sbrk_start
 .bss.__malloc_free_list
                0x20003df8        0x4 c:/software/eclipse-cpp-neon-3-win32-x86_64/eclipse/plugins/fr.ac6.mcu.externaltools.arm-none.win32_1.13.3.201707031232/tools/compiler/bin/../lib/gcc/arm-none-eabi/5.4.1/../../../../arm-none-eabi/lib/armv7e-m/fpu\libc_nano.a(lib_a-nano-mallocr.o)
                0x20003df8                __malloc_free_list
 .bss.heap_end.4169
                0x20003dfc        0x4 c:/software/eclipse-cpp-neon-3-win32-x86_64/eclipse/plugins/fr.ac6.mcu.externaltools.arm-none.win32_1.13.3.201707031232/tools/compiler/bin/../lib/gcc/arm-none-eabi/5.4.1/../../../../arm-none-eabi/lib/armv7e-m/fpu\libnosys.a(sbrk.o)
 *(COMMON)
 COMMON         0x20003e00        0x4 Drivers/STM32F4xx_HAL_Driver/stm32f4xx_hal.o
                0x20003e00                uwTick
 COMMON         0x20003e04      0x1ac Src/main.o
                0x20003e04                hi2c1
                0x20003e58                hiwdg
                0x20003e64                hcrc
                0x20003e6c                sync_reference
                0x20003e70                hwwdg
                0x20003e84                hrng
                0x20003e90                sync_group
                0x20003e94                hspi1
                0x20003eec                sync_task_group
                0x20003f6c                hi2s3
 COMMON         0x20003fb0      0x3d0 Src/usb_host.o
                0x20003fb0                hUsbHostFS
 COMMON         0x20004380      0x298 Src/usbh_conf.o
                0x20004380                hhcd_USB_OTG_FS
 COMMON         0x20004618        0x4 c:/software/eclipse-cpp-neon-3-win32-x86_64/eclipse/plugins/fr.ac6.mcu.externaltools.arm-none.win32_1.13.3.201707031232/tools/compiler/bin/../lib/gcc/arm-none-eabi/5.4.1/../../../../arm-none-eabi/lib/armv7e-m/fpu\libc_nano.a(lib_a-reent.o)
                0x20004618                errno
                0x2000461c                . = ALIGN (0x4)
                0x2000461c                _ebss = .
                0x2000461c                __bss_end__ = _ebss

._user_heap_stack
                0x2000461c      0x604
                0x20004620                . = ALIGN (0x8)
 *fill*         0x2000461c        0x4 
                0x20004620                PROVIDE (end, .)
                [!provide]                PROVIDE (_end, .)
                0x20004820                . = (. + _Min_Heap_Size)
 *fill*         0x20004620      0x200 
                0x20004c20                . = (. + _Min_Stack_Size)
 *fill*         0x20004820      0x400 
                0x20004c20                . = ALIGN (0x8)

/DISCARD/
 libc.a(*)
 libm.a(*)
 libgcc.a(*)

.ARM.attributes
                0x00000000       0x30
 *(.ARM.attributes)
 .ARM.attributes
                0x00000000       0x22 c:/software/eclipse-cpp-neon-3-win32-x86_64/eclipse/plugins/fr.ac6.mcu.externaltools.arm-none.win32_1.13.3.201707031232/tools/compiler/bin/../lib/gcc/arm-none-eabi/5.4.1/armv7e-m/fpu/crti.o
 .ARM.attributes
                0x00000022       0x34 c:/software/eclipse-cpp-neon-3-win32-x86_64/eclipse/plugins/fr.ac6.mcu.externaltools.arm-none.win32_1.13.3.201707031232/tools/compiler/bin/../lib/gcc/arm-none-eabi/5.4.1/armv7e-m/fpu/crtbegin.o
 .ARM.attributes
                0x00000056       0x21 Application/SW4STM32/startup_stm32f407xx.o
 .ARM.attributes
                0x00000077       0x39 Drivers/CMSIS/system_stm32f4xx.o
 .ARM.attributes
                0x000000b0       0x39 Drivers/STM32F4xx_HAL_Driver/stm32f4xx_hal.o
 .ARM.attributes
                0x000000e9       0x39 Drivers/STM32F4xx_HAL_Driver/stm32f4xx_hal_cortex.o
 .ARM.attributes
                0x00000122       0x39 Drivers/STM32F4xx_HAL_Driver/stm32f4xx_hal_crc.o
 .ARM.attributes
                0x0000015b       0x39 Drivers/STM32F4xx_HAL_Driver/stm32f4xx_hal_gpio.o
 .ARM.attributes
                0x00000194       0x39 Drivers/STM32F4xx_HAL_Driver/stm32f4xx_hal_hcd.o
 .ARM.attributes
                0x000001cd       0x39 Drivers/STM32F4xx_HAL_Driver/stm32f4xx_hal_i2c.o
 .ARM.attributes
                0x00000206       0x39 Drivers/STM32F4xx_HAL_Driver/stm32f4xx_hal_i2s_ex.o
 .ARM.attributes
                0x0000023f       0x39 Drivers/STM32F4xx_HAL_Driver/stm32f4xx_hal_iwdg.o
 .ARM.attributes
                0x00000278       0x39 Drivers/STM32F4xx_HAL_Driver/stm32f4xx_hal_rcc.o
 .ARM.attributes
                0x000002b1       0x39 Drivers/STM32F4xx_HAL_Driver/stm32f4xx_hal_rcc_ex.o
 .ARM.attributes
                0x000002ea       0x39 Drivers/STM32F4xx_HAL_Driver/stm32f4xx_hal_rng.o
 .ARM.attributes
                0x00000323       0x39 Drivers/STM32F4xx_HAL_Driver/stm32f4xx_hal_spi.o
 .ARM.attributes
                0x0000035c       0x39 Drivers/STM32F4xx_HAL_Driver/stm32f4xx_ll_usb.o
 .ARM.attributes
                0x00000395       0x39 Middlewares/FreeRTOS/cmsis_os.o
 .ARM.attributes
                0x000003ce       0x39 Middlewares/FreeRTOS/event_groups.o
 .ARM.attributes
                0x00000407       0x39 Middlewares/FreeRTOS/heap_4.o
 .ARM.attributes
                0x00000440       0x39 Middlewares/FreeRTOS/list.o
 .ARM.attributes
                0x00000479       0x39 Middlewares/FreeRTOS/port.o
 .ARM.attributes
                0x000004b2       0x39 Middlewares/FreeRTOS/queue.o
 .ARM.attributes
                0x000004eb       0x39 Middlewares/FreeRTOS/tasks.o
 .ARM.attributes
                0x00000524       0x39 Middlewares/USB_Host_Library/usbh_cdc.o
 .ARM.attributes
                0x0000055d       0x39 Middlewares/USB_Host_Library/usbh_core.o
 .ARM.attributes
                0x00000596       0x39 Middlewares/USB_Host_Library/usbh_ctlreq.o
 .ARM.attributes
                0x000005cf       0x39 Middlewares/USB_Host_Library/usbh_ioreq.o
 .ARM.attributes
                0x00000608       0x39 Middlewares/USB_Host_Library/usbh_pipes.o
 .ARM.attributes
                0x00000641       0x39 Src/main.o
 .ARM.attributes
                0x0000067a       0x39 Src/stm32f4xx_hal_msp.o
 .ARM.attributes
                0x000006b3       0x39 Src/stm32f4xx_it.o
 .ARM.attributes
                0x000006ec       0x39 Src/usb_host.o
 .ARM.attributes
                0x00000725       0x39 Src/usbh_conf.o
 .ARM.attributes
                0x0000075e       0x39 Src/usbh_platform.o
 .ARM.attributes
                0x00000797       0x34 c:/software/eclipse-cpp-neon-3-win32-x86_64/eclipse/plugins/fr.ac6.mcu.externaltools.arm-none.win32_1.13.3.201707031232/tools/compiler/bin/../lib/gcc/arm-none-eabi/5.4.1/../../../../arm-none-eabi/lib/armv7e-m/fpu\libc_nano.a(lib_a-impure.o)
 .ARM.attributes
                0x000007cb       0x34 c:/software/eclipse-cpp-neon-3-win32-x86_64/eclipse/plugins/fr.ac6.mcu.externaltools.arm-none.win32_1.13.3.201707031232/tools/compiler/bin/../lib/gcc/arm-none-eabi/5.4.1/../../../../arm-none-eabi/lib/armv7e-m/fpu\libc_nano.a(lib_a-init.o)
 .ARM.attributes
                0x000007ff       0x34 c:/software/eclipse-cpp-neon-3-win32-x86_64/eclipse/plugins/fr.ac6.mcu.externaltools.arm-none.win32_1.13.3.201707031232/tools/compiler/bin/../lib/gcc/arm-none-eabi/5.4.1/../../../../arm-none-eabi/lib/armv7e-m/fpu\libc_nano.a(lib_a-malloc.o)
 .ARM.attributes
                0x00000833       0x34 c:/software/eclipse-cpp-neon-3-win32-x86_64/eclipse/plugins/fr.ac6.mcu.externaltools.arm-none.win32_1.13.3.201707031232/tools/compiler/bin/../lib/gcc/arm-none-eabi/5.4.1/../../../../arm-none-eabi/lib/armv7e-m/fpu\libc_nano.a(lib_a-memcpy-stub.o)
 .ARM.attributes
                0x00000867       0x34 c:/software/eclipse-cpp-neon-3-win32-x86_64/eclipse/plugins/fr.ac6.mcu.externaltools.arm-none.win32_1.13.3.201707031232/tools/compiler/bin/../lib/gcc/arm-none-eabi/5.4.1/../../../../arm-none-eabi/lib/armv7e-m/fpu\libc_nano.a(lib_a-memset.o)
 .ARM.attributes
                0x0000089b       0x34 c:/software/eclipse-cpp-neon-3-win32-x86_64/eclipse/plugins/fr.ac6.mcu.externaltools.arm-none.win32_1.13.3.201707031232/tools/compiler/bin/../lib/gcc/arm-none-eabi/5.4.1/../../../../arm-none-eabi/lib/armv7e-m/fpu\libc_nano.a(lib_a-nano-freer.o)
 .ARM.attributes
                0x000008cf       0x34 c:/software/eclipse-cpp-neon-3-win32-x86_64/eclipse/plugins/fr.ac6.mcu.externaltools.arm-none.win32_1.13.3.201707031232/tools/compiler/bin/../lib/gcc/arm-none-eabi/5.4.1/../../../../arm-none-eabi/lib/armv7e-m/fpu\libc_nano.a(lib_a-nano-mallocr.o)
 .ARM.attributes
                0x00000903       0x34 c:/software/eclipse-cpp-neon-3-win32-x86_64/eclipse/plugins/fr.ac6.mcu.externaltools.arm-none.win32_1.13.3.201707031232/tools/compiler/bin/../lib/gcc/arm-none-eabi/5.4.1/../../../../arm-none-eabi/lib/armv7e-m/fpu\libc_nano.a(lib_a-sbrkr.o)
 .ARM.attributes
                0x00000937       0x34 c:/software/eclipse-cpp-neon-3-win32-x86_64/eclipse/plugins/fr.ac6.mcu.externaltools.arm-none.win32_1.13.3.201707031232/tools/compiler/bin/../lib/gcc/arm-none-eabi/5.4.1/../../../../arm-none-eabi/lib/armv7e-m/fpu\libc_nano.a(lib_a-mlock.o)
 .ARM.attributes
                0x0000096b       0x34 c:/software/eclipse-cpp-neon-3-win32-x86_64/eclipse/plugins/fr.ac6.mcu.externaltools.arm-none.win32_1.13.3.201707031232/tools/compiler/bin/../lib/gcc/arm-none-eabi/5.4.1/../../../../arm-none-eabi/lib/armv7e-m/fpu\libc_nano.a(lib_a-reent.o)
 .ARM.attributes
                0x0000099f       0x34 c:/software/eclipse-cpp-neon-3-win32-x86_64/eclipse/plugins/fr.ac6.mcu.externaltools.arm-none.win32_1.13.3.201707031232/tools/compiler/bin/../lib/gcc/arm-none-eabi/5.4.1/../../../../arm-none-eabi/lib/armv7e-m/fpu\libnosys.a(sbrk.o)
 .ARM.attributes
                0x000009d3       0x22 c:/software/eclipse-cpp-neon-3-win32-x86_64/eclipse/plugins/fr.ac6.mcu.externaltools.arm-none.win32_1.13.3.201707031232/tools/compiler/bin/../lib/gcc/arm-none-eabi/5.4.1/armv7e-m/fpu/crtn.o
OUTPUT(stm32f4_discovery.elf elf32-littlearm)

.debug_line     0x00000000    0x196d5
 .debug_line    0x00000000       0xe9 Application/SW4STM32/startup_stm32f407xx.o
 .debug_line    0x000000e9      0x9bd Drivers/CMSIS/system_stm32f4xx.o
 .debug_line    0x00000aa6      0xb18 Drivers/STM32F4xx_HAL_Driver/stm32f4xx_hal.o
 .debug_line    0x000015be      0xc48 Drivers/STM32F4xx_HAL_Driver/stm32f4xx_hal_cortex.o
 .debug_line    0x00002206      0xa51 Drivers/STM32F4xx_HAL_Driver/stm32f4xx_hal_crc.o
 .debug_line    0x00002c57      0xb53 Drivers/STM32F4xx_HAL_Driver/stm32f4xx_hal_gpio.o
 .debug_line    0x000037aa      0xdb5 Drivers/STM32F4xx_HAL_Driver/stm32f4xx_hal_hcd.o
 .debug_line    0x0000455f     0x197b Drivers/STM32F4xx_HAL_Driver/stm32f4xx_hal_i2c.o
 .debug_line    0x00005eda     0x130b Drivers/STM32F4xx_HAL_Driver/stm32f4xx_hal_i2s_ex.o
 .debug_line    0x000071e5      0x9a3 Drivers/STM32F4xx_HAL_Driver/stm32f4xx_hal_iwdg.o
 .debug_line    0x00007b88      0xc68 Drivers/STM32F4xx_HAL_Driver/stm32f4xx_hal_rcc.o
 .debug_line    0x000087f0      0xa38 Drivers/STM32F4xx_HAL_Driver/stm32f4xx_hal_rcc_ex.o
 .debug_line    0x00009228      0xae4 Drivers/STM32F4xx_HAL_Driver/stm32f4xx_hal_rng.o
 .debug_line    0x00009d0c     0x11de Drivers/STM32F4xx_HAL_Driver/stm32f4xx_hal_spi.o
 .debug_line    0x0000aeea      0xfcc Drivers/STM32F4xx_HAL_Driver/stm32f4xx_ll_usb.o
 .debug_line    0x0000beb6      0xc73 Middlewares/FreeRTOS/cmsis_os.o
 .debug_line    0x0000cb29      0x881 Middlewares/FreeRTOS/event_groups.o
 .debug_line    0x0000d3aa      0x73b Middlewares/FreeRTOS/heap_4.o
 .debug_line    0x0000dae5      0x651 Middlewares/FreeRTOS/list.o
 .debug_line    0x0000e136      0x6e3 Middlewares/FreeRTOS/port.o
 .debug_line    0x0000e819      0xcdc Middlewares/FreeRTOS/queue.o
 .debug_line    0x0000f4f5     0x11a1 Middlewares/FreeRTOS/tasks.o
 .debug_line    0x00010696      0xf6a Middlewares/USB_Host_Library/usbh_cdc.o
 .debug_line    0x00011600      0xfb0 Middlewares/USB_Host_Library/usbh_core.o
 .debug_line    0x000125b0      0xf2e Middlewares/USB_Host_Library/usbh_ctlreq.o
 .debug_line    0x000134de      0xd6d Middlewares/USB_Host_Library/usbh_ioreq.o
 .debug_line    0x0001424b      0xd25 Middlewares/USB_Host_Library/usbh_pipes.o
 .debug_line    0x00014f70      0xd63 Src/main.o
 .debug_line    0x00015cd3      0xa1c Src/stm32f4xx_hal_msp.o
 .debug_line    0x000166ef      0xb73 Src/stm32f4xx_it.o
 .debug_line    0x00017262      0xd08 Src/usb_host.o
 .debug_line    0x00017f6a      0xe24 Src/usbh_conf.o
 .debug_line    0x00018d8e      0x947 Src/usbh_platform.o

.debug_info     0x00000000    0x18ab9
 .debug_info    0x00000000       0xe1 Application/SW4STM32/startup_stm32f407xx.o
 .debug_info    0x000000e1      0x4d5 Drivers/CMSIS/system_stm32f4xx.o
 .debug_info    0x000005b6      0x854 Drivers/STM32F4xx_HAL_Driver/stm32f4xx_hal.o
 .debug_info    0x00000e0a      0xd20 Drivers/STM32F4xx_HAL_Driver/stm32f4xx_hal_cortex.o
 .debug_info    0x00001b2a      0x391 Drivers/STM32F4xx_HAL_Driver/stm32f4xx_hal_crc.o
 .debug_info    0x00001ebb      0x71f Drivers/STM32F4xx_HAL_Driver/stm32f4xx_hal_gpio.o
 .debug_info    0x000025da      0xcd1 Drivers/STM32F4xx_HAL_Driver/stm32f4xx_hal_hcd.o
 .debug_info    0x000032ab     0x204b Drivers/STM32F4xx_HAL_Driver/stm32f4xx_hal_i2c.o
 .debug_info    0x000052f6      0xb95 Drivers/STM32F4xx_HAL_Driver/stm32f4xx_hal_i2s_ex.o
 .debug_info    0x00005e8b      0x219 Drivers/STM32F4xx_HAL_Driver/stm32f4xx_hal_iwdg.o
 .debug_info    0x000060a4      0xb38 Drivers/STM32F4xx_HAL_Driver/stm32f4xx_hal_rcc.o
 .debug_info    0x00006bdc      0x520 Drivers/STM32F4xx_HAL_Driver/stm32f4xx_hal_rcc_ex.o
 .debug_info    0x000070fc      0x45a Drivers/STM32F4xx_HAL_Driver/stm32f4xx_hal_rng.o
 .debug_info    0x00007556     0x127d Drivers/STM32F4xx_HAL_Driver/stm32f4xx_hal_spi.o
 .debug_info    0x000087d3     0x1413 Drivers/STM32F4xx_HAL_Driver/stm32f4xx_ll_usb.o
 .debug_info    0x00009be6     0x120c Middlewares/FreeRTOS/cmsis_os.o
 .debug_info    0x0000adf2      0x8c7 Middlewares/FreeRTOS/event_groups.o
 .debug_info    0x0000b6b9      0x3d2 Middlewares/FreeRTOS/heap_4.o
 .debug_info    0x0000ba8b      0x2a4 Middlewares/FreeRTOS/list.o
 .debug_info    0x0000bd2f      0x536 Middlewares/FreeRTOS/port.o
 .debug_info    0x0000c265     0x107e Middlewares/FreeRTOS/queue.o
 .debug_info    0x0000d2e3     0x1c65 Middlewares/FreeRTOS/tasks.o
 .debug_info    0x0000ef48     0x1226 Middlewares/USB_Host_Library/usbh_cdc.o
 .debug_info    0x0001016e     0x1042 Middlewares/USB_Host_Library/usbh_core.o
 .debug_info    0x000111b0      0xebd Middlewares/USB_Host_Library/usbh_ctlreq.o
 .debug_info    0x0001206d      0xc1e Middlewares/USB_Host_Library/usbh_ioreq.o
 .debug_info    0x00012c8b      0xa61 Middlewares/USB_Host_Library/usbh_pipes.o
 .debug_info    0x000136ec     0x17e9 Src/main.o
 .debug_info    0x00014ed5     0x1326 Src/stm32f4xx_hal_msp.o
 .debug_info    0x000161fb      0x587 Src/stm32f4xx_it.o
 .debug_info    0x00016782      0x99f Src/usb_host.o
 .debug_info    0x00017121     0x17af Src/usbh_conf.o
 .debug_info    0x000188d0      0x1e9 Src/usbh_platform.o

.debug_abbrev   0x00000000     0x3fb7
 .debug_abbrev  0x00000000       0x12 Application/SW4STM32/startup_stm32f407xx.o
 .debug_abbrev  0x00000012      0x104 Drivers/CMSIS/system_stm32f4xx.o
 .debug_abbrev  0x00000116      0x20f Drivers/STM32F4xx_HAL_Driver/stm32f4xx_hal.o
 .debug_abbrev  0x00000325      0x2cc Drivers/STM32F4xx_HAL_Driver/stm32f4xx_hal_cortex.o
 .debug_abbrev  0x000005f1      0x171 Drivers/STM32F4xx_HAL_Driver/stm32f4xx_hal_crc.o
 .debug_abbrev  0x00000762      0x1af Drivers/STM32F4xx_HAL_Driver/stm32f4xx_hal_gpio.o
 .debug_abbrev  0x00000911      0x221 Drivers/STM32F4xx_HAL_Driver/stm32f4xx_hal_hcd.o
 .debug_abbrev  0x00000b32      0x200 Drivers/STM32F4xx_HAL_Driver/stm32f4xx_hal_i2c.o
 .debug_abbrev  0x00000d32      0x1e4 Drivers/STM32F4xx_HAL_Driver/stm32f4xx_hal_i2s_ex.o
 .debug_abbrev  0x00000f16      0x117 Drivers/STM32F4xx_HAL_Driver/stm32f4xx_hal_iwdg.o
 .debug_abbrev  0x0000102d      0x2b3 Drivers/STM32F4xx_HAL_Driver/stm32f4xx_hal_rcc.o
 .debug_abbrev  0x000012e0      0x1ab Drivers/STM32F4xx_HAL_Driver/stm32f4xx_hal_rcc_ex.o
 .debug_abbrev  0x0000148b      0x19f Drivers/STM32F4xx_HAL_Driver/stm32f4xx_hal_rng.o
 .debug_abbrev  0x0000162a      0x202 Drivers/STM32F4xx_HAL_Driver/stm32f4xx_hal_spi.o
 .debug_abbrev  0x0000182c      0x218 Drivers/STM32F4xx_HAL_Driver/stm32f4xx_ll_usb.o
 .debug_abbrev  0x00001a44      0x2cc Middlewares/FreeRTOS/cmsis_os.o
 .debug_abbrev  0x00001d10      0x1e4 Middlewares/FreeRTOS/event_groups.o
 .debug_abbrev  0x00001ef4      0x1ba Middlewares/FreeRTOS/heap_4.o
 .debug_abbrev  0x000020ae       0xbf Middlewares/FreeRTOS/list.o
 .debug_abbrev  0x0000216d      0x1cf Middlewares/FreeRTOS/port.o
 .debug_abbrev  0x0000233c      0x209 Middlewares/FreeRTOS/queue.o
 .debug_abbrev  0x00002545      0x292 Middlewares/FreeRTOS/tasks.o
 .debug_abbrev  0x000027d7      0x2bc Middlewares/USB_Host_Library/usbh_cdc.o
 .debug_abbrev  0x00002a93      0x34c Middlewares/USB_Host_Library/usbh_core.o
 .debug_abbrev  0x00002ddf      0x286 Middlewares/USB_Host_Library/usbh_ctlreq.o
 .debug_abbrev  0x00003065      0x1e4 Middlewares/USB_Host_Library/usbh_ioreq.o
 .debug_abbrev  0x00003249      0x21c Middlewares/USB_Host_Library/usbh_pipes.o
 .debug_abbrev  0x00003465      0x280 Src/main.o
 .debug_abbrev  0x000036e5      0x1dc Src/stm32f4xx_hal_msp.o
 .debug_abbrev  0x000038c1      0x143 Src/stm32f4xx_it.o
 .debug_abbrev  0x00003a04      0x1fc Src/usb_host.o
 .debug_abbrev  0x00003c00      0x2cb Src/usbh_conf.o
 .debug_abbrev  0x00003ecb       0xec Src/usbh_platform.o

.debug_aranges  0x00000000     0x1598
 .debug_aranges
                0x00000000       0x28 Application/SW4STM32/startup_stm32f407xx.o
 .debug_aranges
                0x00000028       0x28 Drivers/CMSIS/system_stm32f4xx.o
 .debug_aranges
                0x00000050       0xc0 Drivers/STM32F4xx_HAL_Driver/stm32f4xx_hal.o
 .debug_aranges
                0x00000110      0x108 Drivers/STM32F4xx_HAL_Driver/stm32f4xx_hal_cortex.o
 .debug_aranges
                0x00000218       0x50 Drivers/STM32F4xx_HAL_Driver/stm32f4xx_hal_crc.o
 .debug_aranges
                0x00000268       0x58 Drivers/STM32F4xx_HAL_Driver/stm32f4xx_hal_gpio.o
 .debug_aranges
                0x000002c0       0xe0 Drivers/STM32F4xx_HAL_Driver/stm32f4xx_hal_hcd.o
 .debug_aranges
                0x000003a0      0x268 Drivers/STM32F4xx_HAL_Driver/stm32f4xx_hal_i2c.o
 .debug_aranges
                0x00000608       0x78 Drivers/STM32F4xx_HAL_Driver/stm32f4xx_hal_i2s_ex.o
 .debug_aranges
                0x00000680       0x28 Drivers/STM32F4xx_HAL_Driver/stm32f4xx_hal_iwdg.o
 .debug_aranges
                0x000006a8       0x88 Drivers/STM32F4xx_HAL_Driver/stm32f4xx_hal_rcc.o
 .debug_aranges
                0x00000730       0x30 Drivers/STM32F4xx_HAL_Driver/stm32f4xx_hal_rcc_ex.o
 .debug_aranges
                0x00000760       0x80 Drivers/STM32F4xx_HAL_Driver/stm32f4xx_hal_rng.o
 .debug_aranges
                0x000007e0      0x190 Drivers/STM32F4xx_HAL_Driver/stm32f4xx_hal_spi.o
 .debug_aranges
                0x00000970      0x180 Drivers/STM32F4xx_HAL_Driver/stm32f4xx_ll_usb.o
 .debug_aranges
                0x00000af0      0x1b0 Middlewares/FreeRTOS/cmsis_os.o
 .debug_aranges
                0x00000ca0       0x70 Middlewares/FreeRTOS/event_groups.o
 .debug_aranges
                0x00000d10       0x50 Middlewares/FreeRTOS/heap_4.o
 .debug_aranges
                0x00000d60       0x40 Middlewares/FreeRTOS/list.o
 .debug_aranges
                0x00000da0       0x80 Middlewares/FreeRTOS/port.o
 .debug_aranges
                0x00000e20       0xe0 Middlewares/FreeRTOS/queue.o
 .debug_aranges
                0x00000f00      0x1b8 Middlewares/FreeRTOS/tasks.o
 .debug_aranges
                0x000010b8       0xa8 Middlewares/USB_Host_Library/usbh_cdc.o
 .debug_aranges
                0x00001160       0xb8 Middlewares/USB_Host_Library/usbh_core.o
 .debug_aranges
                0x00001218       0x98 Middlewares/USB_Host_Library/usbh_ctlreq.o
 .debug_aranges
                0x000012b0       0x60 Middlewares/USB_Host_Library/usbh_ioreq.o
 .debug_aranges
                0x00001310       0x40 Middlewares/USB_Host_Library/usbh_pipes.o
 .debug_aranges
                0x00001350       0xa0 Src/main.o
 .debug_aranges
                0x000013f0       0x78 Src/stm32f4xx_hal_msp.o
 .debug_aranges
                0x00001468       0x28 Src/stm32f4xx_it.o
 .debug_aranges
                0x00001490       0x28 Src/usb_host.o
 .debug_aranges
                0x000014b8       0xc0 Src/usbh_conf.o
 .debug_aranges
                0x00001578       0x20 Src/usbh_platform.o

.debug_ranges   0x00000000     0x1390
 .debug_ranges  0x00000000       0x20 Application/SW4STM32/startup_stm32f407xx.o
 .debug_ranges  0x00000020       0x18 Drivers/CMSIS/system_stm32f4xx.o
 .debug_ranges  0x00000038       0xb0 Drivers/STM32F4xx_HAL_Driver/stm32f4xx_hal.o
 .debug_ranges  0x000000e8       0xf8 Drivers/STM32F4xx_HAL_Driver/stm32f4xx_hal_cortex.o
 .debug_ranges  0x000001e0       0x40 Drivers/STM32F4xx_HAL_Driver/stm32f4xx_hal_crc.o
 .debug_ranges  0x00000220       0x48 Drivers/STM32F4xx_HAL_Driver/stm32f4xx_hal_gpio.o
 .debug_ranges  0x00000268       0xd0 Drivers/STM32F4xx_HAL_Driver/stm32f4xx_hal_hcd.o
 .debug_ranges  0x00000338      0x258 Drivers/STM32F4xx_HAL_Driver/stm32f4xx_hal_i2c.o
 .debug_ranges  0x00000590       0x68 Drivers/STM32F4xx_HAL_Driver/stm32f4xx_hal_i2s_ex.o
 .debug_ranges  0x000005f8       0x18 Drivers/STM32F4xx_HAL_Driver/stm32f4xx_hal_iwdg.o
 .debug_ranges  0x00000610       0x78 Drivers/STM32F4xx_HAL_Driver/stm32f4xx_hal_rcc.o
 .debug_ranges  0x00000688       0x20 Drivers/STM32F4xx_HAL_Driver/stm32f4xx_hal_rcc_ex.o
 .debug_ranges  0x000006a8       0x70 Drivers/STM32F4xx_HAL_Driver/stm32f4xx_hal_rng.o
 .debug_ranges  0x00000718      0x180 Drivers/STM32F4xx_HAL_Driver/stm32f4xx_hal_spi.o
 .debug_ranges  0x00000898      0x170 Drivers/STM32F4xx_HAL_Driver/stm32f4xx_ll_usb.o
 .debug_ranges  0x00000a08      0x1a0 Middlewares/FreeRTOS/cmsis_os.o
 .debug_ranges  0x00000ba8       0x60 Middlewares/FreeRTOS/event_groups.o
 .debug_ranges  0x00000c08       0x40 Middlewares/FreeRTOS/heap_4.o
 .debug_ranges  0x00000c48       0x30 Middlewares/FreeRTOS/list.o
 .debug_ranges  0x00000c78       0x70 Middlewares/FreeRTOS/port.o
 .debug_ranges  0x00000ce8       0xd0 Middlewares/FreeRTOS/queue.o
 .debug_ranges  0x00000db8      0x1a8 Middlewares/FreeRTOS/tasks.o
 .debug_ranges  0x00000f60       0x98 Middlewares/USB_Host_Library/usbh_cdc.o
 .debug_ranges  0x00000ff8       0xa8 Middlewares/USB_Host_Library/usbh_core.o
 .debug_ranges  0x000010a0       0x88 Middlewares/USB_Host_Library/usbh_ctlreq.o
 .debug_ranges  0x00001128       0x50 Middlewares/USB_Host_Library/usbh_ioreq.o
 .debug_ranges  0x00001178       0x30 Middlewares/USB_Host_Library/usbh_pipes.o
 .debug_ranges  0x000011a8       0x90 Src/main.o
 .debug_ranges  0x00001238       0x68 Src/stm32f4xx_hal_msp.o
 .debug_ranges  0x000012a0       0x18 Src/stm32f4xx_it.o
 .debug_ranges  0x000012b8       0x18 Src/usb_host.o
 .debug_ranges  0x000012d0       0xb0 Src/usbh_conf.o
 .debug_ranges  0x00001380       0x10 Src/usbh_platform.o

.debug_macro    0x00000000    0x1a5f6
 .debug_macro   0x00000000      0x36f Drivers/CMSIS/system_stm32f4xx.o
 .debug_macro   0x0000036f      0x898 Drivers/CMSIS/system_stm32f4xx.o
 .debug_macro   0x00000c07       0x31 Drivers/CMSIS/system_stm32f4xx.o
 .debug_macro   0x00000c38       0x28 Drivers/CMSIS/system_stm32f4xx.o
 .debug_macro   0x00000c60       0x22 Drivers/CMSIS/system_stm32f4xx.o
 .debug_macro   0x00000c82       0x87 Drivers/CMSIS/system_stm32f4xx.o
 .debug_macro   0x00000d09       0x44 Drivers/CMSIS/system_stm32f4xx.o
 .debug_macro   0x00000d4d       0xfd Drivers/CMSIS/system_stm32f4xx.o
 .debug_macro   0x00000e4a       0x5e Drivers/CMSIS/system_stm32f4xx.o
 .debug_macro   0x00000ea8      0x1df Drivers/CMSIS/system_stm32f4xx.o
 .debug_macro   0x00001087       0x35 Drivers/CMSIS/system_stm32f4xx.o
 .debug_macro   0x000010bc       0x50 Drivers/CMSIS/system_stm32f4xx.o
 .debug_macro   0x0000110c      0xe66 Drivers/CMSIS/system_stm32f4xx.o
 .debug_macro   0x00001f72     0x93f9 Drivers/CMSIS/system_stm32f4xx.o
 .debug_macro   0x0000b36b       0x43 Drivers/CMSIS/system_stm32f4xx.o
 .debug_macro   0x0000b3ae      0x14e Drivers/CMSIS/system_stm32f4xx.o
 .debug_macro   0x0000b4fc      0x1d4 Drivers/CMSIS/system_stm32f4xx.o
 .debug_macro   0x0000b6d0     0x347f Drivers/CMSIS/system_stm32f4xx.o
 .debug_macro   0x0000eb4f       0x52 Drivers/CMSIS/system_stm32f4xx.o
 .debug_macro   0x0000eba1       0x35 Drivers/CMSIS/system_stm32f4xx.o
 .debug_macro   0x0000ebd6       0x9c Drivers/CMSIS/system_stm32f4xx.o
 .debug_macro   0x0000ec72       0x16 Drivers/CMSIS/system_stm32f4xx.o
 .debug_macro   0x0000ec88       0x97 Drivers/CMSIS/system_stm32f4xx.o
 .debug_macro   0x0000ed1f      0x30d Drivers/CMSIS/system_stm32f4xx.o
 .debug_macro   0x0000f02c       0xfd Drivers/CMSIS/system_stm32f4xx.o
 .debug_macro   0x0000f129       0x10 Drivers/CMSIS/system_stm32f4xx.o
 .debug_macro   0x0000f139       0x52 Drivers/CMSIS/system_stm32f4xx.o
 .debug_macro   0x0000f18b       0x1f Drivers/CMSIS/system_stm32f4xx.o
 .debug_macro   0x0000f1aa       0x43 Drivers/CMSIS/system_stm32f4xx.o
 .debug_macro   0x0000f1ed       0x20 Drivers/CMSIS/system_stm32f4xx.o
 .debug_macro   0x0000f20d      0x187 Drivers/CMSIS/system_stm32f4xx.o
 .debug_macro   0x0000f394       0x10 Drivers/CMSIS/system_stm32f4xx.o
 .debug_macro   0x0000f3a4       0x1c Drivers/CMSIS/system_stm32f4xx.o
 .debug_macro   0x0000f3c0       0x52 Drivers/CMSIS/system_stm32f4xx.o
 .debug_macro   0x0000f412       0x40 Drivers/CMSIS/system_stm32f4xx.o
 .debug_macro   0x0000f452       0x10 Drivers/CMSIS/system_stm32f4xx.o
 .debug_macro   0x0000f462       0x40 Drivers/CMSIS/system_stm32f4xx.o
 .debug_macro   0x0000f4a2       0xd7 Drivers/CMSIS/system_stm32f4xx.o
 .debug_macro   0x0000f579       0x16 Drivers/CMSIS/system_stm32f4xx.o
 .debug_macro   0x0000f58f      0x18b Drivers/CMSIS/system_stm32f4xx.o
 .debug_macro   0x0000f71a       0x50 Drivers/CMSIS/system_stm32f4xx.o
 .debug_macro   0x0000f76a      0x964 Drivers/CMSIS/system_stm32f4xx.o
 .debug_macro   0x000100ce      0x9e1 Drivers/CMSIS/system_stm32f4xx.o
 .debug_macro   0x00010aaf      0x11e Drivers/CMSIS/system_stm32f4xx.o
 .debug_macro   0x00010bcd      0x13e Drivers/CMSIS/system_stm32f4xx.o
 .debug_macro   0x00010d0b       0x27 Drivers/CMSIS/system_stm32f4xx.o
 .debug_macro   0x00010d32      0x287 Drivers/CMSIS/system_stm32f4xx.o
 .debug_macro   0x00010fb9       0x5f Drivers/CMSIS/system_stm32f4xx.o
 .debug_macro   0x00011018      0x23a Drivers/CMSIS/system_stm32f4xx.o
 .debug_macro   0x00011252       0x23 Drivers/CMSIS/system_stm32f4xx.o
 .debug_macro   0x00011275      0x13a Drivers/CMSIS/system_stm32f4xx.o
 .debug_macro   0x000113af      0x21e Drivers/CMSIS/system_stm32f4xx.o
 .debug_macro   0x000115cd       0x2e Drivers/CMSIS/system_stm32f4xx.o
 .debug_macro   0x000115fb      0x1a7 Drivers/CMSIS/system_stm32f4xx.o
 .debug_macro   0x000117a2       0xa5 Drivers/CMSIS/system_stm32f4xx.o
 .debug_macro   0x00011847      0x18b Drivers/CMSIS/system_stm32f4xx.o
 .debug_macro   0x000119d2       0x24 Drivers/CMSIS/system_stm32f4xx.o
 .debug_macro   0x000119f6       0x35 Drivers/CMSIS/system_stm32f4xx.o
 .debug_macro   0x00011a2b       0x79 Drivers/CMSIS/system_stm32f4xx.o
 .debug_macro   0x00011aa4      0x11e Drivers/CMSIS/system_stm32f4xx.o
 .debug_macro   0x00011bc2       0x7f Drivers/CMSIS/system_stm32f4xx.o
 .debug_macro   0x00011c41       0x89 Drivers/CMSIS/system_stm32f4xx.o
 .debug_macro   0x00011cca       0x7e Drivers/CMSIS/system_stm32f4xx.o
 .debug_macro   0x00011d48      0x202 Drivers/CMSIS/system_stm32f4xx.o
 .debug_macro   0x00011f4a       0x89 Drivers/CMSIS/system_stm32f4xx.o
 .debug_macro   0x00011fd3      0x1df Drivers/CMSIS/system_stm32f4xx.o
 .debug_macro   0x000121b2       0x68 Drivers/CMSIS/system_stm32f4xx.o
 .debug_macro   0x0001221a      0x125 Drivers/CMSIS/system_stm32f4xx.o
 .debug_macro   0x0001233f      0x3b7 Drivers/STM32F4xx_HAL_Driver/stm32f4xx_hal.o
 .debug_macro   0x000126f6      0x369 Drivers/STM32F4xx_HAL_Driver/stm32f4xx_hal_cortex.o
 .debug_macro   0x00012a5f      0x369 Drivers/STM32F4xx_HAL_Driver/stm32f4xx_hal_crc.o
 .debug_macro   0x00012dc8      0x3a1 Drivers/STM32F4xx_HAL_Driver/stm32f4xx_hal_gpio.o
 .debug_macro   0x00013169      0x369 Drivers/STM32F4xx_HAL_Driver/stm32f4xx_hal_hcd.o
 .debug_macro   0x000134d2      0x3a9 Drivers/STM32F4xx_HAL_Driver/stm32f4xx_hal_i2c.o
 .debug_macro   0x0001387b      0x369 Drivers/STM32F4xx_HAL_Driver/stm32f4xx_hal_i2s_ex.o
 .debug_macro   0x00013be4      0x36f Drivers/STM32F4xx_HAL_Driver/stm32f4xx_hal_iwdg.o
 .debug_macro   0x00013f53      0x393 Drivers/STM32F4xx_HAL_Driver/stm32f4xx_hal_rcc.o
 .debug_macro   0x000142e6      0x369 Drivers/STM32F4xx_HAL_Driver/stm32f4xx_hal_rcc_ex.o
 .debug_macro   0x0001464f      0x36f Drivers/STM32F4xx_HAL_Driver/stm32f4xx_hal_rng.o
 .debug_macro   0x000149be      0x371 Drivers/STM32F4xx_HAL_Driver/stm32f4xx_hal_spi.o
 .debug_macro   0x00014d2f      0x369 Drivers/STM32F4xx_HAL_Driver/stm32f4xx_ll_usb.o
 .debug_macro   0x00015098      0x1f6 Middlewares/FreeRTOS/cmsis_os.o
 .debug_macro   0x0001528e       0x4c Middlewares/FreeRTOS/cmsis_os.o
 .debug_macro   0x000152da       0x8d Middlewares/FreeRTOS/cmsis_os.o
 .debug_macro   0x00015367      0x174 Middlewares/FreeRTOS/cmsis_os.o
 .debug_macro   0x000154db       0x4a Middlewares/FreeRTOS/cmsis_os.o
 .debug_macro   0x00015525       0x10 Middlewares/FreeRTOS/cmsis_os.o
 .debug_macro   0x00015535       0x35 Middlewares/FreeRTOS/cmsis_os.o
 .debug_macro   0x0001556a       0x16 Middlewares/FreeRTOS/cmsis_os.o
 .debug_macro   0x00015580       0x26 Middlewares/FreeRTOS/cmsis_os.o
 .debug_macro   0x000155a6       0xc6 Middlewares/FreeRTOS/cmsis_os.o
 .debug_macro   0x0001566c      0x15d Middlewares/FreeRTOS/cmsis_os.o
 .debug_macro   0x000157c9       0xe4 Middlewares/FreeRTOS/cmsis_os.o
 .debug_macro   0x000158ad       0x10 Middlewares/FreeRTOS/cmsis_os.o
 .debug_macro   0x000158bd       0x1f Middlewares/FreeRTOS/cmsis_os.o
 .debug_macro   0x000158dc      0x3f4 Middlewares/FreeRTOS/cmsis_os.o
 .debug_macro   0x00015cd0       0xc0 Middlewares/FreeRTOS/cmsis_os.o
 .debug_macro   0x00015d90       0x9a Middlewares/FreeRTOS/cmsis_os.o
 .debug_macro   0x00015e2a       0x91 Middlewares/FreeRTOS/cmsis_os.o
 .debug_macro   0x00015ebb       0xb0 Middlewares/FreeRTOS/cmsis_os.o
 .debug_macro   0x00015f6b       0x7f Middlewares/FreeRTOS/cmsis_os.o
 .debug_macro   0x00015fea       0xcf Middlewares/FreeRTOS/cmsis_os.o
 .debug_macro   0x000160b9      0x1e6 Middlewares/FreeRTOS/event_groups.o
 .debug_macro   0x0001629f       0x16 Middlewares/FreeRTOS/event_groups.o
 .debug_macro   0x000162b5      0x10e Middlewares/FreeRTOS/event_groups.o
 .debug_macro   0x000163c3       0x8d Middlewares/FreeRTOS/event_groups.o
 .debug_macro   0x00016450       0x16 Middlewares/FreeRTOS/event_groups.o
 .debug_macro   0x00016466       0x29 Middlewares/FreeRTOS/event_groups.o
 .debug_macro   0x0001648f      0x1b2 Middlewares/FreeRTOS/heap_4.o
 .debug_macro   0x00016641      0x18b Middlewares/FreeRTOS/list.o
 .debug_macro   0x000167cc      0x1a6 Middlewares/FreeRTOS/port.o
 .debug_macro   0x00016972      0x207 Middlewares/FreeRTOS/queue.o
 .debug_macro   0x00016b79       0x16 Middlewares/FreeRTOS/queue.o
 .debug_macro   0x00016b8f      0x243 Middlewares/FreeRTOS/tasks.o
 .debug_macro   0x00016dd2       0x11 Middlewares/FreeRTOS/tasks.o
 .debug_macro   0x00016de3      0x4e2 Middlewares/USB_Host_Library/usbh_cdc.o
 .debug_macro   0x000172c5       0x46 Middlewares/USB_Host_Library/usbh_cdc.o
 .debug_macro   0x0001730b       0xcc Middlewares/USB_Host_Library/usbh_cdc.o
 .debug_macro   0x000173d7       0x3a Middlewares/USB_Host_Library/usbh_cdc.o
 .debug_macro   0x00017411      0x20c Middlewares/USB_Host_Library/usbh_cdc.o
 .debug_macro   0x0001761d       0x2e Middlewares/USB_Host_Library/usbh_cdc.o
 .debug_macro   0x0001764b       0x28 Middlewares/USB_Host_Library/usbh_cdc.o
 .debug_macro   0x00017673       0x28 Middlewares/USB_Host_Library/usbh_cdc.o
 .debug_macro   0x0001769b      0x160 Middlewares/USB_Host_Library/usbh_cdc.o
 .debug_macro   0x000177fb      0x4df Middlewares/USB_Host_Library/usbh_core.o
 .debug_macro   0x00017cda      0x4d7 Middlewares/USB_Host_Library/usbh_ctlreq.o
 .debug_macro   0x000181b1       0x22 Middlewares/USB_Host_Library/usbh_ctlreq.o
 .debug_macro   0x000181d3      0x4d1 Middlewares/USB_Host_Library/usbh_ioreq.o
 .debug_macro   0x000186a4      0x4d1 Middlewares/USB_Host_Library/usbh_pipes.o
 .debug_macro   0x00018b75      0x444 Src/main.o
 .debug_macro   0x00018fb9      0x369 Src/stm32f4xx_hal_msp.o
 .debug_macro   0x00019322      0x436 Src/stm32f4xx_it.o
 .debug_macro   0x00019758      0x4e6 Src/usb_host.o
 .debug_macro   0x00019c3e      0x166 Src/usb_host.o
 .debug_macro   0x00019da4      0x4db Src/usbh_conf.o
 .debug_macro   0x0001a27f      0x377 Src/usbh_platform.o

.debug_str      0x00000000    0x7a591
 .debug_str     0x00000000    0x6ae59 Drivers/CMSIS/system_stm32f4xx.o
                              0x6b10a (size before relaxing)
 .debug_str     0x0006ae59      0x9e5 Drivers/STM32F4xx_HAL_Driver/stm32f4xx_hal.o
                              0x6ba98 (size before relaxing)
 .debug_str     0x0006b83e      0x39a Drivers/STM32F4xx_HAL_Driver/stm32f4xx_hal_cortex.o
                              0x6b93c (size before relaxing)
 .debug_str     0x0006bbd8      0x1d5 Drivers/STM32F4xx_HAL_Driver/stm32f4xx_hal_crc.o
                              0x6b102 (size before relaxing)
 .debug_str     0x0006bdad      0x31c Drivers/STM32F4xx_HAL_Driver/stm32f4xx_hal_gpio.o
                              0x6b361 (size before relaxing)
 .debug_str     0x0006c0c9      0x72d Drivers/STM32F4xx_HAL_Driver/stm32f4xx_hal_hcd.o
                              0x6b6e4 (size before relaxing)
 .debug_str     0x0006c7f6      0xedd Drivers/STM32F4xx_HAL_Driver/stm32f4xx_hal_i2c.o
                              0x6beec (size before relaxing)
 .debug_str     0x0006d6d3      0x33c Drivers/STM32F4xx_HAL_Driver/stm32f4xx_hal_i2s_ex.o
                              0x6b5ec (size before relaxing)
 .debug_str     0x0006da0f       0xee Drivers/STM32F4xx_HAL_Driver/stm32f4xx_hal_iwdg.o
                              0x6b003 (size before relaxing)
 .debug_str     0x0006dafd      0x3c7 Drivers/STM32F4xx_HAL_Driver/stm32f4xx_hal_rcc.o
                              0x6b4d8 (size before relaxing)
 .debug_str     0x0006dec4      0x130 Drivers/STM32F4xx_HAL_Driver/stm32f4xx_hal_rcc_ex.o
                              0x6b198 (size before relaxing)
 .debug_str     0x0006dff4      0x250 Drivers/STM32F4xx_HAL_Driver/stm32f4xx_hal_rng.o
                              0x6b19d (size before relaxing)
 .debug_str     0x0006e244      0x5c7 Drivers/STM32F4xx_HAL_Driver/stm32f4xx_hal_spi.o
                              0x6b823 (size before relaxing)
 .debug_str     0x0006e80b      0x5af Drivers/STM32F4xx_HAL_Driver/stm32f4xx_ll_usb.o
                              0x6b8ea (size before relaxing)
 .debug_str     0x0006edba     0x5daf Middlewares/FreeRTOS/cmsis_os.o
                               0xc2cc (size before relaxing)
 .debug_str     0x00074b69      0x568 Middlewares/FreeRTOS/event_groups.o
                               0xa766 (size before relaxing)
 .debug_str     0x000750d1      0x2a0 Middlewares/FreeRTOS/heap_4.o
                               0x9d34 (size before relaxing)
 .debug_str     0x00075371       0xef Middlewares/FreeRTOS/list.o
                               0x9461 (size before relaxing)
 .debug_str     0x00075460      0x839 Middlewares/FreeRTOS/port.o
                               0x7ba8 (size before relaxing)
 .debug_str     0x00075c99      0x6a7 Middlewares/FreeRTOS/queue.o
                               0xacec (size before relaxing)
 .debug_str     0x00076340     0x10dc Middlewares/FreeRTOS/tasks.o
                               0xb5d2 (size before relaxing)
 .debug_str     0x0007741c     0x25a5 Middlewares/USB_Host_Library/usbh_cdc.o
                              0x72c22 (size before relaxing)
 .debug_str     0x000799c1      0x2aa Middlewares/USB_Host_Library/usbh_core.o
                              0x723cc (size before relaxing)
 .debug_str     0x00079c6b      0x24d Middlewares/USB_Host_Library/usbh_ctlreq.o
                              0x72183 (size before relaxing)
 .debug_str     0x00079eb8      0x139 Middlewares/USB_Host_Library/usbh_ioreq.o
                              0x71fa2 (size before relaxing)
 .debug_str     0x00079ff1       0xd2 Middlewares/USB_Host_Library/usbh_pipes.o
                              0x71f27 (size before relaxing)
 .debug_str     0x0007a0c3      0x215 Src/main.o
                              0x7194c (size before relaxing)
 .debug_str     0x0007a2d8       0x4e Src/stm32f4xx_hal_msp.o
                              0x6bf7d (size before relaxing)
 .debug_str     0x0007a326       0x5a Src/stm32f4xx_it.o
                              0x708b2 (size before relaxing)
 .debug_str     0x0007a380       0xaa Src/usb_host.o
                              0x7257f (size before relaxing)
 .debug_str     0x0007a42a      0x13b Src/usbh_conf.o
                              0x72b7d (size before relaxing)
 .debug_str     0x0007a565       0x2c Src/usbh_platform.o
                              0x6af77 (size before relaxing)

.comment        0x00000000       0x6e
 .comment       0x00000000       0x6e Drivers/CMSIS/system_stm32f4xx.o
                                 0x6f (size before relaxing)
 .comment       0x0000006e       0x6f Drivers/STM32F4xx_HAL_Driver/stm32f4xx_hal.o